Archive member included to satisfy reference by file (symbol)

d:/tool_chain/gcc-arm-none-eabi/5.4 2016q3/bin/../lib/gcc/arm-none-eabi/5.4.1/../../../../arm-none-eabi/lib/armv7e-m/fpu\libc_nano.a(lib_a-exit.o)
                              d:/tool_chain/gcc-arm-none-eabi/5.4 2016q3/bin/../lib/gcc/arm-none-eabi/5.4.1/../../../../arm-none-eabi/lib/armv7e-m/fpu/crt0.o (exit)
d:/tool_chain/gcc-arm-none-eabi/5.4 2016q3/bin/../lib/gcc/arm-none-eabi/5.4.1/../../../../arm-none-eabi/lib/armv7e-m/fpu\libc_nano.a(lib_a-impure.o)
                              d:/tool_chain/gcc-arm-none-eabi/5.4 2016q3/bin/../lib/gcc/arm-none-eabi/5.4.1/../../../../arm-none-eabi/lib/armv7e-m/fpu\libc_nano.a(lib_a-exit.o) (_global_impure_ptr)
d:/tool_chain/gcc-arm-none-eabi/5.4 2016q3/bin/../lib/gcc/arm-none-eabi/5.4.1/../../../../arm-none-eabi/lib/armv7e-m/fpu\libc_nano.a(lib_a-init.o)
                              d:/tool_chain/gcc-arm-none-eabi/5.4 2016q3/bin/../lib/gcc/arm-none-eabi/5.4.1/../../../../arm-none-eabi/lib/armv7e-m/fpu/crt0.o (__libc_init_array)
d:/tool_chain/gcc-arm-none-eabi/5.4 2016q3/bin/../lib/gcc/arm-none-eabi/5.4.1/../../../../arm-none-eabi/lib/armv7e-m/fpu\libc_nano.a(lib_a-malloc.o)
                              ../build/usbh_cdc.o (malloc)
d:/tool_chain/gcc-arm-none-eabi/5.4 2016q3/bin/../lib/gcc/arm-none-eabi/5.4.1/../../../../arm-none-eabi/lib/armv7e-m/fpu\libc_nano.a(lib_a-memcpy-stub.o)
                              ../build/queue.o (memcpy)
d:/tool_chain/gcc-arm-none-eabi/5.4 2016q3/bin/../lib/gcc/arm-none-eabi/5.4.1/../../../../arm-none-eabi/lib/armv7e-m/fpu\libc_nano.a(lib_a-memset.o)
                              d:/tool_chain/gcc-arm-none-eabi/5.4 2016q3/bin/../lib/gcc/arm-none-eabi/5.4.1/../../../../arm-none-eabi/lib/armv7e-m/fpu/crt0.o (memset)
d:/tool_chain/gcc-arm-none-eabi/5.4 2016q3/bin/../lib/gcc/arm-none-eabi/5.4.1/../../../../arm-none-eabi/lib/armv7e-m/fpu\libc_nano.a(lib_a-nano-freer.o)
                              d:/tool_chain/gcc-arm-none-eabi/5.4 2016q3/bin/../lib/gcc/arm-none-eabi/5.4.1/../../../../arm-none-eabi/lib/armv7e-m/fpu\libc_nano.a(lib_a-malloc.o) (_free_r)
d:/tool_chain/gcc-arm-none-eabi/5.4 2016q3/bin/../lib/gcc/arm-none-eabi/5.4.1/../../../../arm-none-eabi/lib/armv7e-m/fpu\libc_nano.a(lib_a-nano-mallocr.o)
                              d:/tool_chain/gcc-arm-none-eabi/5.4 2016q3/bin/../lib/gcc/arm-none-eabi/5.4.1/../../../../arm-none-eabi/lib/armv7e-m/fpu\libc_nano.a(lib_a-malloc.o) (_malloc_r)
d:/tool_chain/gcc-arm-none-eabi/5.4 2016q3/bin/../lib/gcc/arm-none-eabi/5.4.1/../../../../arm-none-eabi/lib/armv7e-m/fpu\libc_nano.a(lib_a-sbrkr.o)
                              d:/tool_chain/gcc-arm-none-eabi/5.4 2016q3/bin/../lib/gcc/arm-none-eabi/5.4.1/../../../../arm-none-eabi/lib/armv7e-m/fpu\libc_nano.a(lib_a-nano-mallocr.o) (_sbrk_r)
d:/tool_chain/gcc-arm-none-eabi/5.4 2016q3/bin/../lib/gcc/arm-none-eabi/5.4.1/../../../../arm-none-eabi/lib/armv7e-m/fpu\libc_nano.a(lib_a-mlock.o)
                              d:/tool_chain/gcc-arm-none-eabi/5.4 2016q3/bin/../lib/gcc/arm-none-eabi/5.4.1/../../../../arm-none-eabi/lib/armv7e-m/fpu\libc_nano.a(lib_a-nano-freer.o) (__malloc_lock)
d:/tool_chain/gcc-arm-none-eabi/5.4 2016q3/bin/../lib/gcc/arm-none-eabi/5.4.1/../../../../arm-none-eabi/lib/armv7e-m/fpu\libc_nano.a(lib_a-reent.o)
                              d:/tool_chain/gcc-arm-none-eabi/5.4 2016q3/bin/../lib/gcc/arm-none-eabi/5.4.1/../../../../arm-none-eabi/lib/armv7e-m/fpu\libc_nano.a(lib_a-sbrkr.o) (errno)
d:/tool_chain/gcc-arm-none-eabi/5.4 2016q3/bin/../lib/gcc/arm-none-eabi/5.4.1/../../../../arm-none-eabi/lib/armv7e-m/fpu\libnosys.a(sbrk.o)
                              d:/tool_chain/gcc-arm-none-eabi/5.4 2016q3/bin/../lib/gcc/arm-none-eabi/5.4.1/../../../../arm-none-eabi/lib/armv7e-m/fpu\libc_nano.a(lib_a-sbrkr.o) (_sbrk)
d:/tool_chain/gcc-arm-none-eabi/5.4 2016q3/bin/../lib/gcc/arm-none-eabi/5.4.1/../../../../arm-none-eabi/lib/armv7e-m/fpu\libnosys.a(_exit.o)
                              d:/tool_chain/gcc-arm-none-eabi/5.4 2016q3/bin/../lib/gcc/arm-none-eabi/5.4.1/../../../../arm-none-eabi/lib/armv7e-m/fpu\libc_nano.a(lib_a-exit.o) (_exit)
d:/tool_chain/gcc-arm-none-eabi/5.4 2016q3/bin/../lib/gcc/arm-none-eabi/5.4.1/armv7e-m/fpu\libgcc.a(_aeabi_uldivmod.o)
                              ../build/stm32f4xx_hal_rcc.o (__aeabi_uldivmod)
d:/tool_chain/gcc-arm-none-eabi/5.4 2016q3/bin/../lib/gcc/arm-none-eabi/5.4.1/armv7e-m/fpu\libgcc.a(_udivmoddi4.o)
                              d:/tool_chain/gcc-arm-none-eabi/5.4 2016q3/bin/../lib/gcc/arm-none-eabi/5.4.1/armv7e-m/fpu\libgcc.a(_aeabi_uldivmod.o) (__udivmoddi4)
d:/tool_chain/gcc-arm-none-eabi/5.4 2016q3/bin/../lib/gcc/arm-none-eabi/5.4.1/armv7e-m/fpu\libgcc.a(_dvmd_tls.o)
                              d:/tool_chain/gcc-arm-none-eabi/5.4 2016q3/bin/../lib/gcc/arm-none-eabi/5.4.1/armv7e-m/fpu\libgcc.a(_aeabi_uldivmod.o) (__aeabi_ldiv0)

Allocating common symbols
Common symbol       size              file

[...]
Memory Configuration

Name             Origin             Length             Attributes
RAM              0x20000000         0x00030000         xrw
CCMRAM           0x10000000         0x00010000         xrw
FLASH            0x08000000         0x00200000         xr
*default*        0x00000000         0xffffffff

Linker script and memory map

LOAD d:/tool_chain/gcc-arm-none-eabi/5.4 2016q3/bin/../lib/gcc/arm-none-eabi/5.4.1/armv7e-m/fpu/crti.o
LOAD d:/tool_chain/gcc-arm-none-eabi/5.4 2016q3/bin/../lib/gcc/arm-none-eabi/5.4.1/armv7e-m/fpu/crtbegin.o
LOAD d:/tool_chain/gcc-arm-none-eabi/5.4 2016q3/bin/../lib/gcc/arm-none-eabi/5.4.1/../../../../arm-none-eabi/lib/armv7e-m/fpu/crt0.o
LOAD ../build/main.o
LOAD ../build/freertos.o
LOAD ../build/usb_host.o
LOAD ../build/usbh_conf.o
LOAD ../build/usbh_platform.o
LOAD ../build/stm32f4xx_it.o
LOAD ../build/stm32f4xx_hal_msp.o
LOAD ../build/stm32f4xx_hal_timebase_tim.o
LOAD ../build/stm32f4xx_hal_hcd.o
LOAD ../build/stm32f4xx_ll_usb.o
LOAD ../build/stm32f4xx_hal_rcc.o
LOAD ../build/stm32f4xx_hal_rcc_ex.o
LOAD ../build/stm32f4xx_hal_flash.o
LOAD ../build/stm32f4xx_hal_flash_ex.o
LOAD ../build/stm32f4xx_hal_flash_ramfunc.o
LOAD ../build/stm32f4xx_hal_gpio.o
LOAD ../build/stm32f4xx_hal_dma_ex.o
LOAD ../build/stm32f4xx_hal_dma.o
LOAD ../build/stm32f4xx_hal_pwr.o
LOAD ../build/stm32f4xx_hal_pwr_ex.o
LOAD ../build/stm32f4xx_hal_cortex.o
LOAD ../build/stm32f4xx_hal.o
LOAD ../build/stm32f4xx_hal_exti.o
LOAD ../build/stm32f4xx_hal_crc.o
LOAD ../build/stm32f4xx_hal_dma2d.o
LOAD ../build/stm32f4xx_ll_fmc.o
LOAD ../build/stm32f4xx_hal_sdram.o
LOAD ../build/stm32f4xx_hal_i2c.o
LOAD ../build/stm32f4xx_hal_i2c_ex.o
LOAD ../build/stm32f4xx_hal_ltdc.o
LOAD ../build/stm32f4xx_hal_ltdc_ex.o
LOAD ../build/stm32f4xx_hal_dsi.o
LOAD ../build/stm32f4xx_hal_spi.o
LOAD ../build/stm32f4xx_hal_tim.o
LOAD ../build/stm32f4xx_hal_tim_ex.o
LOAD ../build/stm32f4xx_hal_uart.o
LOAD ../build/system_stm32f4xx.o
LOAD ../build/croutine.o
LOAD ../build/event_groups.o
LOAD ../build/list.o
LOAD ../build/queue.o
LOAD ../build/stream_buffer.o
LOAD ../build/tasks.o
LOAD ../build/timers.o
LOAD ../build/cmsis_os.o
LOAD ../build/heap_4.o
LOAD ../build/port.o
LOAD ../build/usbh_core.o
LOAD ../build/usbh_ctlreq.o
LOAD ../build/usbh_ioreq.o
LOAD ../build/usbh_pipes.o
LOAD ../build/usbh_cdc.o
LOAD ../build/startup_stm32f429xx.o
LOAD d:/tool_chain/gcc-arm-none-eabi/5.4 2016q3/bin/../lib/gcc/arm-none-eabi/5.4.1/../../../../arm-none-eabi/lib/armv7e-m/fpu\libc_nano.a
LOAD d:/tool_chain/gcc-arm-none-eabi/5.4 2016q3/bin/../lib/gcc/arm-none-eabi/5.4.1/../../../../arm-none-eabi/lib/armv7e-m/fpu\libm.a
LOAD d:/tool_chain/gcc-arm-none-eabi/5.4 2016q3/bin/../lib/gcc/arm-none-eabi/5.4.1/../../../../arm-none-eabi/lib/armv7e-m/fpu\libnosys.a
START GROUP
LOAD d:/tool_chain/gcc-arm-none-eabi/5.4 2016q3/bin/../lib/gcc/arm-none-eabi/5.4.1/armv7e-m/fpu\libgcc.a
LOAD d:/tool_chain/gcc-arm-none-eabi/5.4 2016q3/bin/../lib/gcc/arm-none-eabi/5.4.1/../../../../arm-none-eabi/lib/armv7e-m/fpu\libc_nano.a
END GROUP
START GROUP
LOAD d:/tool_chain/gcc-arm-none-eabi/5.4 2016q3/bin/../lib/gcc/arm-none-eabi/5.4.1/armv7e-m/fpu\libgcc.a
LOAD d:/tool_chain/gcc-arm-none-eabi/5.4 2016q3/bin/../lib/gcc/arm-none-eabi/5.4.1/../../../../arm-none-eabi/lib/armv7e-m/fpu\libc_nano.a
END GROUP
LOAD d:/tool_chain/gcc-arm-none-eabi/5.4 2016q3/bin/../lib/gcc/arm-none-eabi/5.4.1/armv7e-m/fpu/crtend.o
LOAD d:/tool_chain/gcc-arm-none-eabi/5.4 2016q3/bin/../lib/gcc/arm-none-eabi/5.4.1/armv7e-m/fpu/crtn.o
                0x20030000                _estack = 0x20030000
                0x00000200                _Min_Heap_Size = 0x200
                0x00000400                _Min_Stack_Size = 0x400

.isr_vector     0x08000000      0x1ac
                0x08000000                . = ALIGN (0x4)
 *(.isr_vector)
 .isr_vector    0x08000000      0x1ac ../build/startup_stm32f429xx.o
                0x08000000                g_pfnVectors
                0x080001ac                . = ALIGN (0x4)

.text           0x080001b0     0x7058
                0x080001b0                . = ALIGN (0x4)
 *(.text)
 .text          0x080001b0       0x5c d:/tool_chain/gcc-arm-none-eabi/5.4 2016q3/bin/../lib/gcc/arm-none-eabi/5.4.1/armv7e-m/fpu/crtbegin.o
 .text          0x0800020c       0x30 d:/tool_chain/gcc-arm-none-eabi/5.4 2016q3/bin/../lib/gcc/arm-none-eabi/5.4.1/armv7e-m/fpu\libgcc.a(_aeabi_uldivmod.o)
                0x0800020c                __aeabi_uldivmod
 .text          0x0800023c      0x2e4 d:/tool_chain/gcc-arm-none-eabi/5.4 2016q3/bin/../lib/gcc/arm-none-eabi/5.4.1/armv7e-m/fpu\libgcc.a(_udivmoddi4.o)
                0x0800023c                __udivmoddi4
 .text          0x08000520        0x4 d:/tool_chain/gcc-arm-none-eabi/5.4 2016q3/bin/../lib/gcc/arm-none-eabi/5.4.1/armv7e-m/fpu\libgcc.a(_dvmd_tls.o)
                0x08000520                __aeabi_idiv0
                0x08000520                __aeabi_ldiv0
 *(.text*)
 .text.MX_GPIO_Init
                0x08000524      0x1a8 ../build/main.o
 .text.MX_CRC_Init
                0x080006cc       0x18 ../build/main.o
 .text.MX_DMA2D_Init
                0x080006e4       0x30 ../build/main.o
 .text.MX_FMC_Init
                0x08000714       0x5c ../build/main.o
 .text.MX_I2C3_Init
                0x08000770       0x44 ../build/main.o
 .text.MX_LTDC_Init
                0x080007b4       0xa8 ../build/main.o
 .text.MX_SPI5_Init
                0x0800085c       0x3c ../build/main.o
 .text.MX_TIM1_Init
                0x08000898       0x50 ../build/main.o
 .text.MX_USART1_UART_Init
                0x080008e8       0x2c ../build/main.o
 .text.StartDefaultTask
                0x08000914       0x10 ../build/main.o
                0x08000914                StartDefaultTask
 .text.SystemClock_Config
                0x08000924       0xb4 ../build/main.o
                0x08000924                SystemClock_Config
 .text.main     0x080009d8       0x5c ../build/main.o
                0x080009d8                main
 .text.HAL_TIM_PeriodElapsedCallback
                0x08000a34       0x14 ../build/main.o
                0x08000a34                HAL_TIM_PeriodElapsedCallback
 .text.Error_Handler
                0x08000a48        0x4 ../build/main.o
                0x08000a48                Error_Handler
 .text.vApplicationIdleHook
                0x08000a4c        0x4 ../build/freertos.o
                0x08000a4c                vApplicationIdleHook
 .text.vApplicationStackOverflowHook
                0x08000a50        0x4 ../build/freertos.o
                0x08000a50                vApplicationStackOverflowHook
 .text.vApplicationMallocFailedHook
                0x08000a54        0x4 ../build/freertos.o
                0x08000a54                vApplicationMallocFailedHook
 .text.vApplicationGetIdleTaskMemory
                0x08000a58       0x18 ../build/freertos.o
                0x08000a58                vApplicationGetIdleTaskMemory
 .text.USBH_UserProcess
                0x08000a70       0x2c ../build/usb_host.o
 .text.MX_USB_HOST_Init
                0x08000a9c       0x3c ../build/usb_host.o
                0x08000a9c                MX_USB_HOST_Init
 .text.HAL_HCD_MspInit
                0x08000ad8       0x90 ../build/usbh_conf.o
                0x08000ad8                HAL_HCD_MspInit
 .text.HAL_HCD_SOF_Callback
                0x08000b68        0xc ../build/usbh_conf.o
                0x08000b68                HAL_HCD_SOF_Callback
 .text.HAL_HCD_Connect_Callback
                0x08000b74        0xc ../build/usbh_conf.o
                0x08000b74                HAL_HCD_Connect_Callback
 .text.HAL_HCD_Disconnect_Callback
                0x08000b80        0xc ../build/usbh_conf.o
                0x08000b80                HAL_HCD_Disconnect_Callback
 .text.HAL_HCD_HC_NotifyURBChange_Callback
                0x08000b8c        0xc ../build/usbh_conf.o
                0x08000b8c                HAL_HCD_HC_NotifyURBChange_Callback
 .text.HAL_HCD_PortEnabled_Callback
                0x08000b98        0xc ../build/usbh_conf.o
                0x08000b98                HAL_HCD_PortEnabled_Callback
 .text.HAL_HCD_PortDisabled_Callback
                0x08000ba4        0xc ../build/usbh_conf.o
                0x08000ba4                HAL_HCD_PortDisabled_Callback
 .text.USBH_LL_Init
                0x08000bb0       0x58 ../build/usbh_conf.o
                0x08000bb0                USBH_LL_Init
 .text.USBH_LL_GetSpeed
                0x08000c08       0x20 ../build/usbh_conf.o
                0x08000c08                USBH_LL_GetSpeed
 .text.USBH_LL_GetLastXferSize
                0x08000c28        0xc ../build/usbh_conf.o
                0x08000c28                USBH_LL_GetLastXferSize
 .text.USBH_LL_GetURBState
                0x08000c34        0xc ../build/usbh_conf.o
                0x08000c34                USBH_LL_GetURBState
 .text.USBH_LL_DriverVBUS
                0x08000c40       0x18 ../build/usbh_conf.o
                0x08000c40                USBH_LL_DriverVBUS
 .text.USBH_LL_SetToggle
                0x08000c58       0x34 ../build/usbh_conf.o
                0x08000c58                USBH_LL_SetToggle
 .text.USBH_Delay
                0x08000c8c        0x8 ../build/usbh_conf.o
                0x08000c8c                USBH_Delay
 .text.USBH_Get_USB_Status
                0x08000c94       0x14 ../build/usbh_conf.o
                0x08000c94                USBH_Get_USB_Status
 .text.USBH_LL_Start
                0x08000ca8       0x10 ../build/usbh_conf.o
                0x08000ca8                USBH_LL_Start
 .text.USBH_LL_Stop
                0x08000cb8       0x10 ../build/usbh_conf.o
                0x08000cb8                USBH_LL_Stop
 .text.USBH_LL_ResetPort
                0x08000cc8       0x10 ../build/usbh_conf.o
                0x08000cc8                USBH_LL_ResetPort
 .text.USBH_LL_OpenPipe
                0x08000cd8       0x28 ../build/usbh_conf.o
                0x08000cd8                USBH_LL_OpenPipe
 .text.USBH_LL_ClosePipe
                0x08000d00       0x10 ../build/usbh_conf.o
                0x08000d00                USBH_LL_ClosePipe
 .text.USBH_LL_SubmitURB
                0x08000d10       0x2c ../build/usbh_conf.o
                0x08000d10                USBH_LL_SubmitURB
 .text.MX_DriverVbusHS
                0x08000d3c       0x18 ../build/usbh_platform.o
                0x08000d3c                MX_DriverVbusHS
 .text.NMI_Handler
                0x08000d54        0x4 ../build/stm32f4xx_it.o
                0x08000d54                NMI_Handler
 .text.HardFault_Handler
                0x08000d58        0x4 ../build/stm32f4xx_it.o
                0x08000d58                HardFault_Handler
 .text.MemManage_Handler
                0x08000d5c        0x4 ../build/stm32f4xx_it.o
                0x08000d5c                MemManage_Handler
 .text.BusFault_Handler
                0x08000d60        0x4 ../build/stm32f4xx_it.o
                0x08000d60                BusFault_Handler
 .text.UsageFault_Handler
                0x08000d64        0x4 ../build/stm32f4xx_it.o
                0x08000d64                UsageFault_Handler
 .text.DebugMon_Handler
                0x08000d68        0x4 ../build/stm32f4xx_it.o
                0x08000d68                DebugMon_Handler
 .text.TIM6_DAC_IRQHandler
                0x08000d6c       0x10 ../build/stm32f4xx_it.o
                0x08000d6c                TIM6_DAC_IRQHandler
 .text.OTG_HS_IRQHandler
                0x08000d7c       0x10 ../build/stm32f4xx_it.o
                0x08000d7c                OTG_HS_IRQHandler
 .text.LTDC_IRQHandler
                0x08000d8c       0x10 ../build/stm32f4xx_it.o
                0x08000d8c                LTDC_IRQHandler
 .text.DMA2D_IRQHandler
                0x08000d9c       0x10 ../build/stm32f4xx_it.o
                0x08000d9c                DMA2D_IRQHandler
 .text.HAL_FMC_MspInit
                0x08000dac       0xe8 ../build/stm32f4xx_hal_msp.o
 .text.HAL_MspInit
                0x08000e94       0x44 ../build/stm32f4xx_hal_msp.o
                0x08000e94                HAL_MspInit
 .text.HAL_CRC_MspInit
                0x08000ed8       0x30 ../build/stm32f4xx_hal_msp.o
                0x08000ed8                HAL_CRC_MspInit
 .text.HAL_DMA2D_MspInit
                0x08000f08       0x40 ../build/stm32f4xx_hal_msp.o
                0x08000f08                HAL_DMA2D_MspInit
 .text.HAL_I2C_MspInit
                0x08000f48       0xa8 ../build/stm32f4xx_hal_msp.o
                0x08000f48                HAL_I2C_MspInit
 .text.HAL_LTDC_MspInit
                0x08000ff0      0x198 ../build/stm32f4xx_hal_msp.o
                0x08000ff0                HAL_LTDC_MspInit
 .text.HAL_SPI_MspInit
                0x08001188       0x6c ../build/stm32f4xx_hal_msp.o
                0x08001188                HAL_SPI_MspInit
 .text.HAL_TIM_Base_MspInit
                0x080011f4       0x30 ../build/stm32f4xx_hal_msp.o
                0x080011f4                HAL_TIM_Base_MspInit
 .text.HAL_UART_MspInit
                0x08001224       0x70 ../build/stm32f4xx_hal_msp.o
                0x08001224                HAL_UART_MspInit
 .text.HAL_SDRAM_MspInit
                0x08001294        0x8 ../build/stm32f4xx_hal_msp.o
                0x08001294                HAL_SDRAM_MspInit
 .text.HAL_InitTick
                0x0800129c       0x7c ../build/stm32f4xx_hal_timebase_tim.o
                0x0800129c                HAL_InitTick
 .text.HCD_RXQLVL_IRQHandler
                0x08001318       0x7c ../build/stm32f4xx_hal_hcd.o
 .text.HAL_HCD_HC_Init
                0x08001394       0xa0 ../build/stm32f4xx_hal_hcd.o
                0x08001394                HAL_HCD_HC_Init
 .text.HAL_HCD_HC_Halt
                0x08001434       0x24 ../build/stm32f4xx_hal_hcd.o
                0x08001434                HAL_HCD_HC_Halt
 .text.HAL_HCD_Init
                0x08001458       0x98 ../build/stm32f4xx_hal_hcd.o
                0x08001458                HAL_HCD_Init
 .text.HAL_HCD_HC_SubmitRequest
                0x080014f0      0x190 ../build/stm32f4xx_hal_hcd.o
                0x080014f0                HAL_HCD_HC_SubmitRequest
 .text.HCD_Port_IRQHandler
                0x08001680       0xd0 ../build/stm32f4xx_hal_hcd.o
 .text.HCD_HC_IN_IRQHandler
                0x08001750      0x2b8 ../build/stm32f4xx_hal_hcd.o
 .text.HCD_HC_OUT_IRQHandler
                0x08001a08      0x2c4 ../build/stm32f4xx_hal_hcd.o
 .text.HAL_HCD_IRQHandler
                0x08001ccc      0x14c ../build/stm32f4xx_hal_hcd.o
                0x08001ccc                HAL_HCD_IRQHandler
 .text.HAL_HCD_Start
                0x08001e18       0x2c ../build/stm32f4xx_hal_hcd.o
                0x08001e18                HAL_HCD_Start
 .text.HAL_HCD_Stop
                0x08001e44       0x24 ../build/stm32f4xx_hal_hcd.o
                0x08001e44                HAL_HCD_Stop
 .text.HAL_HCD_ResetPort
                0x08001e68        0xc ../build/stm32f4xx_hal_hcd.o
                0x08001e68                HAL_HCD_ResetPort
 .text.HAL_HCD_HC_GetURBState
                0x08001e74       0x10 ../build/stm32f4xx_hal_hcd.o
                0x08001e74                HAL_HCD_HC_GetURBState
 .text.HAL_HCD_HC_GetXferCount
                0x08001e84        0xc ../build/stm32f4xx_hal_hcd.o
                0x08001e84                HAL_HCD_HC_GetXferCount
 .text.HAL_HCD_GetCurrentFrame
                0x08001e90        0xc ../build/stm32f4xx_hal_hcd.o
                0x08001e90                HAL_HCD_GetCurrentFrame
 .text.HAL_HCD_GetCurrentSpeed
                0x08001e9c        0xc ../build/stm32f4xx_hal_hcd.o
                0x08001e9c                HAL_HCD_GetCurrentSpeed
 .text.USB_CoreReset
                0x08001ea8       0x3c ../build/stm32f4xx_ll_usb.o
 .text.USB_CoreInit
                0x08001ee4       0x88 ../build/stm32f4xx_ll_usb.o
                0x08001ee4                USB_CoreInit
 .text.USB_EnableGlobalInt
                0x08001f6c        0xc ../build/stm32f4xx_ll_usb.o
                0x08001f6c                USB_EnableGlobalInt
 .text.USB_DisableGlobalInt
                0x08001f78        0xc ../build/stm32f4xx_ll_usb.o
                0x08001f78                USB_DisableGlobalInt
 .text.USB_SetCurrentMode
                0x08001f84       0x30 ../build/stm32f4xx_ll_usb.o
                0x08001f84                USB_SetCurrentMode
 .text.USB_FlushTxFifo
                0x08001fb4       0x28 ../build/stm32f4xx_ll_usb.o
                0x08001fb4                USB_FlushTxFifo
 .text.USB_FlushRxFifo
                0x08001fdc       0x24 ../build/stm32f4xx_ll_usb.o
                0x08001fdc                USB_FlushRxFifo
 .text.USB_WritePacket
                0x08002000       0x2c ../build/stm32f4xx_ll_usb.o
                0x08002000                USB_WritePacket
 .text.USB_ReadPacket
                0x0800202c       0x24 ../build/stm32f4xx_ll_usb.o
                0x0800202c                USB_ReadPacket
 .text.USB_ReadInterrupts
                0x08002050        0x8 ../build/stm32f4xx_ll_usb.o
                0x08002050                USB_ReadInterrupts
 .text.USB_GetMode
                0x08002058        0x8 ../build/stm32f4xx_ll_usb.o
                0x08002058                USB_GetMode
 .text.USB_InitFSLSPClkSel
                0x08002060       0x40 ../build/stm32f4xx_ll_usb.o
                0x08002060                USB_InitFSLSPClkSel
 .text.USB_ResetPort
                0x080020a0       0x40 ../build/stm32f4xx_ll_usb.o
                0x080020a0                USB_ResetPort
 .text.USB_DriveVbus
                0x080020e0       0x44 ../build/stm32f4xx_ll_usb.o
                0x080020e0                USB_DriveVbus
 .text.USB_HostInit
                0x08002124       0xfc ../build/stm32f4xx_ll_usb.o
                0x08002124                USB_HostInit
 .text.USB_GetHostSpeed
                0x08002220       0x18 ../build/stm32f4xx_ll_usb.o
                0x08002220                USB_GetHostSpeed
 .text.USB_GetCurrentFrame
                0x08002238        0xc ../build/stm32f4xx_ll_usb.o
                0x08002238                USB_GetCurrentFrame
 .text.USB_HC_Init
                0x08002244      0x108 ../build/stm32f4xx_ll_usb.o
                0x08002244                USB_HC_Init
 .text.USB_HC_ReadInterrupt
                0x0800234c        0xc ../build/stm32f4xx_ll_usb.o
                0x0800234c                USB_HC_ReadInterrupt
 .text.USB_HC_Halt
                0x08002358       0xd0 ../build/stm32f4xx_ll_usb.o
                0x08002358                USB_HC_Halt
 .text.USB_DoPing
                0x08002428       0x24 ../build/stm32f4xx_ll_usb.o
                0x08002428                USB_DoPing
 .text.USB_HC_StartXfer
                0x0800244c      0x158 ../build/stm32f4xx_ll_usb.o
                0x0800244c                USB_HC_StartXfer
 .text.USB_StopHost
                0x080025a4       0x7c ../build/stm32f4xx_ll_usb.o
                0x080025a4                USB_StopHost
 .text.HAL_RCC_OscConfig
                0x08002620      0x418 ../build/stm32f4xx_hal_rcc.o
                0x08002620                HAL_RCC_OscConfig
 .text.HAL_RCC_GetSysClockFreq
                0x08002a38       0xcc ../build/stm32f4xx_hal_rcc.o
                0x08002a38                HAL_RCC_GetSysClockFreq
 .text.HAL_RCC_ClockConfig
                0x08002b04      0x168 ../build/stm32f4xx_hal_rcc.o
                0x08002b04                HAL_RCC_ClockConfig
 .text.HAL_RCC_GetHCLKFreq
                0x08002c6c        0xc ../build/stm32f4xx_hal_rcc.o
                0x08002c6c                HAL_RCC_GetHCLKFreq
 .text.HAL_RCC_GetPCLK1Freq
                0x08002c78       0x20 ../build/stm32f4xx_hal_rcc.o
                0x08002c78                HAL_RCC_GetPCLK1Freq
 .text.HAL_RCC_GetPCLK2Freq
                0x08002c98       0x20 ../build/stm32f4xx_hal_rcc.o
                0x08002c98                HAL_RCC_GetPCLK2Freq
 .text.HAL_RCC_GetClockConfig
                0x08002cb8       0x3c ../build/stm32f4xx_hal_rcc.o
                0x08002cb8                HAL_RCC_GetClockConfig
 .text.HAL_RCCEx_PeriphCLKConfig
                0x08002cf4      0x290 ../build/stm32f4xx_hal_rcc_ex.o
                0x08002cf4                HAL_RCCEx_PeriphCLKConfig
 .text.HAL_GPIO_Init
                0x08002f84      0x1e8 ../build/stm32f4xx_hal_gpio.o
                0x08002f84                HAL_GPIO_Init
 .text.HAL_GPIO_WritePin
                0x0800316c        0xc ../build/stm32f4xx_hal_gpio.o
                0x0800316c                HAL_GPIO_WritePin
 .text.HAL_NVIC_SetPriorityGrouping
                0x08003178       0x24 ../build/stm32f4xx_hal_cortex.o
                0x08003178                HAL_NVIC_SetPriorityGrouping
 .text.HAL_NVIC_SetPriority
                0x0800319c       0x64 ../build/stm32f4xx_hal_cortex.o
                0x0800319c                HAL_NVIC_SetPriority
 .text.HAL_NVIC_EnableIRQ
                0x08003200       0x1c ../build/stm32f4xx_hal_cortex.o
                0x08003200                HAL_NVIC_EnableIRQ
 .text.HAL_Init
                0x0800321c       0x34 ../build/stm32f4xx_hal.o
                0x0800321c                HAL_Init
 .text.HAL_IncTick
                0x08003250       0x18 ../build/stm32f4xx_hal.o
                0x08003250                HAL_IncTick
 .text.HAL_GetTick
                0x08003268        0xc ../build/stm32f4xx_hal.o
                0x08003268                HAL_GetTick
 .text.HAL_Delay
                0x08003274       0x28 ../build/stm32f4xx_hal.o
                0x08003274                HAL_Delay
 .text.HAL_CRC_Init
                0x0800329c       0x24 ../build/stm32f4xx_hal_crc.o
                0x0800329c                HAL_CRC_Init
 .text.HAL_DMA2D_Init
                0x080032c0       0x60 ../build/stm32f4xx_hal_dma2d.o
                0x080032c0                HAL_DMA2D_Init
 .text.HAL_DMA2D_LineEventCallback
                0x08003320        0x4 ../build/stm32f4xx_hal_dma2d.o
                0x08003320                HAL_DMA2D_LineEventCallback
 .text.HAL_DMA2D_CLUTLoadingCpltCallback
                0x08003324        0x4 ../build/stm32f4xx_hal_dma2d.o
                0x08003324                HAL_DMA2D_CLUTLoadingCpltCallback
 .text.HAL_DMA2D_IRQHandler
                0x08003328      0x138 ../build/stm32f4xx_hal_dma2d.o
                0x08003328                HAL_DMA2D_IRQHandler
 .text.HAL_DMA2D_ConfigLayer
                0x08003460       0xc4 ../build/stm32f4xx_hal_dma2d.o
                0x08003460                HAL_DMA2D_ConfigLayer
 .text.FMC_SDRAM_Init
                0x08003524       0x7c ../build/stm32f4xx_ll_fmc.o
                0x08003524                FMC_SDRAM_Init
 .text.FMC_SDRAM_Timing_Init
                0x080035a0       0x9c ../build/stm32f4xx_ll_fmc.o
                0x080035a0                FMC_SDRAM_Timing_Init
 .text.HAL_SDRAM_Init
                0x0800363c       0x44 ../build/stm32f4xx_hal_sdram.o
                0x0800363c                HAL_SDRAM_Init
 .text.HAL_I2C_Init
                0x08003680      0x1b4 ../build/stm32f4xx_hal_i2c.o
                0x08003680                HAL_I2C_Init
 .text.HAL_I2CEx_ConfigAnalogFilter
                0x08003834       0x44 ../build/stm32f4xx_hal_i2c_ex.o
                0x08003834                HAL_I2CEx_ConfigAnalogFilter
 .text.HAL_I2CEx_ConfigDigitalFilter
                0x08003878       0x44 ../build/stm32f4xx_hal_i2c_ex.o
                0x08003878                HAL_I2CEx_ConfigDigitalFilter
 .text.LTDC_SetConfig
                0x080038bc      0x198 ../build/stm32f4xx_hal_ltdc.o
 .text.HAL_LTDC_Init
                0x08003a54       0xf4 ../build/stm32f4xx_hal_ltdc.o
                0x08003a54                HAL_LTDC_Init
 .text.HAL_LTDC_ErrorCallback
                0x08003b48        0x4 ../build/stm32f4xx_hal_ltdc.o
                0x08003b48                HAL_LTDC_ErrorCallback
 .text.HAL_LTDC_LineEventCallback
                0x08003b4c        0x4 ../build/stm32f4xx_hal_ltdc.o
                0x08003b4c                HAL_LTDC_LineEventCallback
 .text.HAL_LTDC_ReloadEventCallback
                0x08003b50        0x4 ../build/stm32f4xx_hal_ltdc.o
                0x08003b50                HAL_LTDC_ReloadEventCallback
 .text.HAL_LTDC_IRQHandler
                0x08003b54       0xd4 ../build/stm32f4xx_hal_ltdc.o
                0x08003b54                HAL_LTDC_IRQHandler
 .text.HAL_LTDC_ConfigLayer
                0x08003c28       0x5c ../build/stm32f4xx_hal_ltdc.o
                0x08003c28                HAL_LTDC_ConfigLayer
 .text.HAL_SPI_Init
                0x08003c84       0x84 ../build/stm32f4xx_hal_spi.o
                0x08003c84                HAL_SPI_Init
 .text.TIM_TI1_ConfigInputStage
                0x08003d08       0x28 ../build/stm32f4xx_hal_tim.o
 .text.TIM_TI2_ConfigInputStage
                0x08003d30       0x28 ../build/stm32f4xx_hal_tim.o
 .text.TIM_ITRx_SetConfig
                0x08003d58       0x10 ../build/stm32f4xx_hal_tim.o
 .text.HAL_TIM_Base_Start_IT
                0x08003d68       0x24 ../build/stm32f4xx_hal_tim.o
                0x08003d68                HAL_TIM_Base_Start_IT
 .text.HAL_TIM_OC_DelayElapsedCallback
                0x08003d8c        0x4 ../build/stm32f4xx_hal_tim.o
                0x08003d8c                HAL_TIM_OC_DelayElapsedCallback
 .text.HAL_TIM_IC_CaptureCallback
                0x08003d90        0x4 ../build/stm32f4xx_hal_tim.o
                0x08003d90                HAL_TIM_IC_CaptureCallback
 .text.HAL_TIM_PWM_PulseFinishedCallback
                0x08003d94        0x4 ../build/stm32f4xx_hal_tim.o
                0x08003d94                HAL_TIM_PWM_PulseFinishedCallback
 .text.HAL_TIM_TriggerCallback
                0x08003d98        0x4 ../build/stm32f4xx_hal_tim.o
                0x08003d98                HAL_TIM_TriggerCallback
 .text.HAL_TIM_IRQHandler
                0x08003d9c      0x174 ../build/stm32f4xx_hal_tim.o
                0x08003d9c                HAL_TIM_IRQHandler
 .text.TIM_Base_SetConfig
                0x08003f10       0xc8 ../build/stm32f4xx_hal_tim.o
                0x08003f10                TIM_Base_SetConfig
 .text.HAL_TIM_Base_Init
                0x08003fd8       0x38 ../build/stm32f4xx_hal_tim.o
                0x08003fd8                HAL_TIM_Base_Init
 .text.TIM_ETR_SetConfig
                0x08004010       0x1c ../build/stm32f4xx_hal_tim.o
                0x08004010                TIM_ETR_SetConfig
 .text.HAL_TIM_ConfigClockSource
                0x0800402c       0xe4 ../build/stm32f4xx_hal_tim.o
                0x0800402c                HAL_TIM_ConfigClockSource
 .text.HAL_TIMEx_MasterConfigSynchronization
                0x08004110       0x8c ../build/stm32f4xx_hal_tim_ex.o
                0x08004110                HAL_TIMEx_MasterConfigSynchronization
 .text.HAL_TIMEx_CommutCallback
                0x0800419c        0x4 ../build/stm32f4xx_hal_tim_ex.o
                0x0800419c                HAL_TIMEx_CommutCallback
 .text.HAL_TIMEx_BreakCallback
                0x080041a0        0x4 ../build/stm32f4xx_hal_tim_ex.o
                0x080041a0                HAL_TIMEx_BreakCallback
 .text.UART_SetConfig
                0x080041a4      0x1d0 ../build/stm32f4xx_hal_uart.o
 .text.HAL_UART_Init
                0x08004374       0x64 ../build/stm32f4xx_hal_uart.o
                0x08004374                HAL_UART_Init
 .text.SystemInit
                0x080043d8       0x1c ../build/system_stm32f4xx.o
                0x080043d8                SystemInit
 .text.vListInitialise
                0x080043f4       0x18 ../build/list.o
                0x080043f4                vListInitialise
 .text.vListInitialiseItem
                0x0800440c        0x8 ../build/list.o
                0x0800440c                vListInitialiseItem
 .text.vListInsertEnd
                0x08004414       0x18 ../build/list.o
                0x08004414                vListInsertEnd
 .text.vListInsert
                0x0800442c       0x34 ../build/list.o
                0x0800442c                vListInsert
 .text.uxListRemove
                0x08004460       0x28 ../build/list.o
                0x08004460                uxListRemove
 .text.prvIsQueueFull
                0x08004488       0x20 ../build/queue.o
 .text.prvIsQueueEmpty
                0x080044a8       0x1c ../build/queue.o
 .text.prvCopyDataToQueue
                0x080044c4       0x78 ../build/queue.o
 .text.prvCopyDataFromQueue
                0x0800453c       0x24 ../build/queue.o
 .text.prvUnlockQueue
                0x08004560       0x68 ../build/queue.o
 .text.xQueueGenericReset
                0x080045c8       0x80 ../build/queue.o
                0x080045c8                xQueueGenericReset
 .text.prvInitialiseNewQueue
                0x08004648       0x1c ../build/queue.o
 .text.xQueueGenericCreateStatic
                0x08004664       0xac ../build/queue.o
                0x08004664                xQueueGenericCreateStatic
 .text.xQueueGenericCreate
                0x08004710       0x50 ../build/queue.o
                0x08004710                xQueueGenericCreate
 .text.xQueueGenericSend
                0x08004760      0x190 ../build/queue.o
                0x08004760                xQueueGenericSend
 .text.xQueueGenericSendFromISR
                0x080048f0       0xe4 ../build/queue.o
                0x080048f0                xQueueGenericSendFromISR
 .text.xQueueReceive
                0x080049d4      0x158 ../build/queue.o
                0x080049d4                xQueueReceive
 .text.xQueueReceiveFromISR
                0x08004b2c       0xb8 ../build/queue.o
                0x08004b2c                xQueueReceiveFromISR
 .text.prvResetNextTaskUnblockTime
                0x08004be4       0x34 ../build/tasks.o
 .text.prvInitialiseNewTask
                0x08004c18       0x94 ../build/tasks.o
 .text.prvInitialiseTaskLists
                0x08004cac       0x68 ../build/tasks.o
 .text.prvAddNewTaskToReadyList
                0x08004d14       0xa8 ../build/tasks.o
 .text.prvDeleteTCB
                0x08004dbc       0x3c ../build/tasks.o
 .text.prvCheckTasksWaitingTermination
                0x08004df8       0x44 ../build/tasks.o
 .text.prvAddCurrentTaskToDelayedList
                0x08004e3c       0x98 ../build/tasks.o
 .text.prvIdleTask
                0x08004ed4       0x2c ../build/tasks.o
 .text.xTaskCreateStatic
                0x08004f00       0x7c ../build/tasks.o
                0x08004f00                xTaskCreateStatic
 .text.xTaskCreate
                0x08004f7c       0x68 ../build/tasks.o
                0x08004f7c                xTaskCreate
 .text.vTaskStartScheduler
                0x08004fe4       0x74 ../build/tasks.o
                0x08004fe4                vTaskStartScheduler
 .text.vTaskSuspendAll
                0x08005058       0x10 ../build/tasks.o
                0x08005058                vTaskSuspendAll
 .text.xTaskIncrementTick
                0x08005068      0x124 ../build/tasks.o
                0x08005068                xTaskIncrementTick
 .text.xTaskResumeAll
                0x0800518c       0xf8 ../build/tasks.o
                0x0800518c                xTaskResumeAll
 .text.vTaskDelay
                0x08005284       0x50 ../build/tasks.o
                0x08005284                vTaskDelay
 .text.vTaskSwitchContext
                0x080052d4       0xc4 ../build/tasks.o
                0x080052d4                vTaskSwitchContext
 .text.vTaskPlaceOnEventList
                0x08005398       0x30 ../build/tasks.o
                0x08005398                vTaskPlaceOnEventList
 .text.xTaskRemoveFromEventList
                0x080053c8       0x8c ../build/tasks.o
                0x080053c8                xTaskRemoveFromEventList
 .text.vTaskInternalSetTimeOutState
                0x08005454       0x18 ../build/tasks.o
                0x08005454                vTaskInternalSetTimeOutState
 .text.xTaskCheckForTimeOut
                0x0800546c       0x80 ../build/tasks.o
                0x0800546c                xTaskCheckForTimeOut
 .text.vTaskMissedYield
                0x080054ec        0xc ../build/tasks.o
                0x080054ec                vTaskMissedYield
 .text.xTaskGetSchedulerState
                0x080054f8       0x20 ../build/tasks.o
                0x080054f8                xTaskGetSchedulerState
 .text.xTaskPriorityDisinherit
                0x08005518       0xb4 ../build/tasks.o
                0x08005518                xTaskPriorityDisinherit
 .text.makeFreeRtosPriority
                0x080055cc        0xc ../build/cmsis_os.o
 .text.inHandlerMode
                0x080055d8        0xc ../build/cmsis_os.o
 .text.osKernelStart
                0x080055e4        0xc ../build/cmsis_os.o
                0x080055e4                osKernelStart
 .text.osThreadCreate
                0x080055f0       0x6c ../build/cmsis_os.o
                0x080055f0                osThreadCreate
 .text.osDelay  0x0800565c       0x10 ../build/cmsis_os.o
                0x0800565c                osDelay
 .text.osMessageCreate
                0x0800566c       0x28 ../build/cmsis_os.o
                0x0800566c                osMessageCreate
 .text.osMessagePut
                0x08005694       0x68 ../build/cmsis_os.o
                0x08005694                osMessagePut
 .text.osMessageGet
                0x080056fc       0x98 ../build/cmsis_os.o
                0x080056fc                osMessageGet
 .text.prvHeapInit
                0x08005794       0x64 ../build/heap_4.o
 .text.prvInsertBlockIntoFreeList
                0x080057f8       0x58 ../build/heap_4.o
 .text.pvPortMalloc
                0x08005850      0x10c ../build/heap_4.o
                0x08005850                pvPortMalloc
 .text.vPortFree
                0x0800595c       0x78 ../build/heap_4.o
                0x0800595c                vPortFree
 .text.prvTaskExitError
                0x080059d4       0x40 ../build/port.o
 .text.prvPortStartFirstTask
                0x08005a14       0x28 ../build/port.o
 .text.vPortEnableVFP
                0x08005a3c       0x14 ../build/port.o
 .text.pxPortInitialiseStack
                0x08005a50       0x2c ../build/port.o
                0x08005a50                pxPortInitialiseStack
 *fill*         0x08005a7c        0x4 
 .text.SVC_Handler
                0x08005a80       0x24 ../build/port.o
                0x08005a80                SVC_Handler
 .text.vPortEnterCritical
                0x08005aa4       0x44 ../build/port.o
                0x08005aa4                vPortEnterCritical
 .text.vPortExitCritical
                0x08005ae8       0x2c ../build/port.o
                0x08005ae8                vPortExitCritical
 *fill*         0x08005b14        0xc 
 .text.PendSV_Handler
                0x08005b20       0x64 ../build/port.o
                0x08005b20                PendSV_Handler
 .text.SysTick_Handler
                0x08005b84       0x2c ../build/port.o
                0x08005b84                SysTick_Handler
 .text.vPortSetupTimerInterrupt
                0x08005bb0       0x38 ../build/port.o
                0x08005bb0                vPortSetupTimerInterrupt
 .text.xPortStartScheduler
                0x08005be8      0x110 ../build/port.o
                0x08005be8                xPortStartScheduler
 .text.vPortValidateInterruptPriority
                0x08005cf8       0x5c ../build/port.o
                0x08005cf8                vPortValidateInterruptPriority
 .text.DeInitStateMachine
                0x08005d54       0x4c ../build/usbh_core.o
 .text.USBH_HandleSof
                0x08005da0       0x18 ../build/usbh_core.o
 .text.USBH_HandleEnum
                0x08005db8      0x1bc ../build/usbh_core.o
 .text.USBH_Init
                0x08005f74       0x6c ../build/usbh_core.o
                0x08005f74                USBH_Init
 .text.USBH_RegisterClass
                0x08005fe0       0x24 ../build/usbh_core.o
                0x08005fe0                USBH_RegisterClass
 .text.USBH_SelectInterface
                0x08006004       0x14 ../build/usbh_core.o
                0x08006004                USBH_SelectInterface
 .text.USBH_FindInterface
                0x08006018       0x54 ../build/usbh_core.o
                0x08006018                USBH_FindInterface
 .text.USBH_Start
                0x0800606c       0x14 ../build/usbh_core.o
                0x0800606c                USBH_Start
 .text.USBH_LL_SetTimer
                0x08006080        0x8 ../build/usbh_core.o
                0x08006080                USBH_LL_SetTimer
 .text.USBH_LL_IncTimer
                0x08006088       0x14 ../build/usbh_core.o
                0x08006088                USBH_LL_IncTimer
 .text.USBH_LL_PortEnabled
                0x0800609c        0x8 ../build/usbh_core.o
                0x0800609c                USBH_LL_PortEnabled
 .text.USBH_LL_PortDisabled
                0x080060a4        0x8 ../build/usbh_core.o
                0x080060a4                USBH_LL_PortDisabled
 .text.USBH_IsPortEnabled
                0x080060ac        0x8 ../build/usbh_core.o
                0x080060ac                USBH_IsPortEnabled
 .text.USBH_Process
                0x080060b4      0x26c ../build/usbh_core.o
                0x080060b4                USBH_Process
 .text.USBH_Process_OS
                0x08006320       0x24 ../build/usbh_core.o
 .text.USBH_LL_Connect
                0x08006344       0x40 ../build/usbh_core.o
                0x08006344                USBH_LL_Connect
 .text.USBH_LL_Disconnect
                0x08006384       0x48 ../build/usbh_core.o
                0x08006384                USBH_LL_Disconnect
 .text.USBH_LL_NotifyURBChange
                0x080063cc       0x18 ../build/usbh_core.o
                0x080063cc                USBH_LL_NotifyURBChange
 .text.USBH_ParseDevDesc
                0x080063e4       0x5c ../build/usbh_ctlreq.o
 .text.USBH_ParseInterfaceDesc
                0x08006440       0x28 ../build/usbh_ctlreq.o
 .text.USBH_ParseEPDesc
                0x08006468       0x20 ../build/usbh_ctlreq.o
 .text.USBH_ParseStringDesc
                0x08006488       0x34 ../build/usbh_ctlreq.o
 .text.USBH_HandleControl
                0x080064bc      0x2d0 ../build/usbh_ctlreq.o
 .text.USBH_GetNextDesc
                0x0800678c       0x10 ../build/usbh_ctlreq.o
                0x0800678c                USBH_GetNextDesc
 .text.USBH_ParseCfgDesc
                0x0800679c       0xc4 ../build/usbh_ctlreq.o
 .text.USBH_CtlReq
                0x08006860       0x60 ../build/usbh_ctlreq.o
                0x08006860                USBH_CtlReq
 .text.USBH_GetDescriptor
                0x080068c0       0x3c ../build/usbh_ctlreq.o
                0x080068c0                USBH_GetDescriptor
 .text.USBH_Get_DevDesc
                0x080068fc       0x30 ../build/usbh_ctlreq.o
                0x080068fc                USBH_Get_DevDesc
 .text.USBH_Get_CfgDesc
                0x0800692c       0x30 ../build/usbh_ctlreq.o
                0x0800692c                USBH_Get_CfgDesc
 .text.USBH_Get_StringDesc
                0x0800695c       0x30 ../build/usbh_ctlreq.o
                0x0800695c                USBH_Get_StringDesc
 .text.USBH_SetAddress
                0x0800698c       0x20 ../build/usbh_ctlreq.o
                0x0800698c                USBH_SetAddress
 .text.USBH_SetCfg
                0x080069ac       0x20 ../build/usbh_ctlreq.o
                0x080069ac                USBH_SetCfg
 .text.USBH_SetFeature
                0x080069cc       0x20 ../build/usbh_ctlreq.o
                0x080069cc                USBH_SetFeature
 .text.USBH_ClrFeature
                0x080069ec       0x24 ../build/usbh_ctlreq.o
                0x080069ec                USBH_ClrFeature
 .text.USBH_CtlSendSetup
                0x08006a10       0x24 ../build/usbh_ioreq.o
                0x08006a10                USBH_CtlSendSetup
 .text.USBH_CtlSendData
                0x08006a34       0x2c ../build/usbh_ioreq.o
                0x08006a34                USBH_CtlSendData
 .text.USBH_CtlReceiveData
                0x08006a60       0x20 ../build/usbh_ioreq.o
                0x08006a60                USBH_CtlReceiveData
 .text.USBH_BulkSendData
                0x08006a80       0x2c ../build/usbh_ioreq.o
                0x08006a80                USBH_BulkSendData
 .text.USBH_BulkReceiveData
                0x08006aac       0x20 ../build/usbh_ioreq.o
                0x08006aac                USBH_BulkReceiveData
 .text.USBH_GetFreePipe
                0x08006acc       0x24 ../build/usbh_pipes.o
 .text.USBH_OpenPipe
                0x08006af0       0x20 ../build/usbh_pipes.o
                0x08006af0                USBH_OpenPipe
 .text.USBH_ClosePipe
                0x08006b10        0xc ../build/usbh_pipes.o
                0x08006b10                USBH_ClosePipe
 .text.USBH_AllocPipe
                0x08006b1c       0x24 ../build/usbh_pipes.o
                0x08006b1c                USBH_AllocPipe
 .text.USBH_FreePipe
                0x08006b40       0x18 ../build/usbh_pipes.o
                0x08006b40                USBH_FreePipe
 .text.USBH_CDC_SOFProcess
                0x08006b58        0x4 ../build/usbh_cdc.o
 .text.SetLineCoding
                0x08006b5c       0x1c ../build/usbh_cdc.o
 .text.GetLineCoding
                0x08006b78       0x1c ../build/usbh_cdc.o
 .text.USBH_CDC_ClassRequest
                0x08006b94       0x24 ../build/usbh_cdc.o
 .text.USBH_CDC_InterfaceDeInit
                0x08006bb8       0x64 ../build/usbh_cdc.o
 .text.USBH_CDC_InterfaceInit
                0x08006c1c      0x160 ../build/usbh_cdc.o
 .text.USBH_CDC_TransmitCallback
                0x08006d7c        0x4 ../build/usbh_cdc.o
                0x08006d7c                USBH_CDC_TransmitCallback
 .text.CDC_ProcessTransmission
                0x08006d80       0xb4 ../build/usbh_cdc.o
 .text.USBH_CDC_ReceiveCallback
                0x08006e34        0x4 ../build/usbh_cdc.o
                0x08006e34                USBH_CDC_ReceiveCallback
 .text.CDC_ProcessReception
                0x08006e38       0x78 ../build/usbh_cdc.o
 .text.USBH_CDC_LineCodingChanged
                0x08006eb0        0x4 ../build/usbh_cdc.o
                0x08006eb0                USBH_CDC_LineCodingChanged
 .text.USBH_CDC_Process
                0x08006eb4       0xbc ../build/usbh_cdc.o
 .text.Reset_Handler
                0x08006f70       0x50 ../build/startup_stm32f429xx.o
                0x08006f70                Reset_Handler
 .text.Default_Handler
                0x08006fc0        0x2 ../build/startup_stm32f429xx.o
                0x08006fc0                RTC_Alarm_IRQHandler
                0x08006fc0                HASH_RNG_IRQHandler
                0x08006fc0                EXTI2_IRQHandler
                0x08006fc0                TIM8_CC_IRQHandler
                0x08006fc0                UART8_IRQHandler
                0x08006fc0                SPI4_IRQHandler
                0x08006fc0                TIM1_CC_IRQHandler
                0x08006fc0                DMA2_Stream5_IRQHandler
                0x08006fc0                DMA1_Stream5_IRQHandler
                0x08006fc0                PVD_IRQHandler
                0x08006fc0                SDIO_IRQHandler
                0x08006fc0                TAMP_STAMP_IRQHandler
                0x08006fc0                CAN2_RX1_IRQHandler
                0x08006fc0                EXTI3_IRQHandler
                0x08006fc0                TIM8_TRG_COM_TIM14_IRQHandler
                0x08006fc0                TIM1_UP_TIM10_IRQHandler
                0x08006fc0                TIM8_UP_TIM13_IRQHandler
                0x08006fc0                I2C3_ER_IRQHandler
                0x08006fc0                EXTI0_IRQHandler
                0x08006fc0                I2C2_EV_IRQHandler
                0x08006fc0                DMA1_Stream2_IRQHandler
                0x08006fc0                CAN1_RX0_IRQHandler
                0x08006fc0                FPU_IRQHandler
                0x08006fc0                OTG_HS_WKUP_IRQHandler
                0x08006fc0                LTDC_ER_IRQHandler
                0x08006fc0                CAN2_SCE_IRQHandler
                0x08006fc0                DMA2_Stream2_IRQHandler
                0x08006fc0                SPI1_IRQHandler
                0x08006fc0                TIM1_BRK_TIM9_IRQHandler
                0x08006fc0                DCMI_IRQHandler
                0x08006fc0                CAN2_RX0_IRQHandler
                0x08006fc0                DMA2_Stream3_IRQHandler
                0x08006fc0                USART6_IRQHandler
                0x08006fc0                USART3_IRQHandler
                0x08006fc0                CAN1_RX1_IRQHandler
                0x08006fc0                UART5_IRQHandler
                0x08006fc0                DMA2_Stream0_IRQHandler
                0x08006fc0                TIM4_IRQHandler
                0x08006fc0                I2C1_EV_IRQHandler
                0x08006fc0                DMA1_Stream6_IRQHandler
                0x08006fc0                DMA1_Stream1_IRQHandler
                0x08006fc0                UART4_IRQHandler
                0x08006fc0                TIM3_IRQHandler
                0x08006fc0                RCC_IRQHandler
                0x08006fc0                TIM8_BRK_TIM12_IRQHandler
                0x08006fc0                Default_Handler
                0x08006fc0                EXTI15_10_IRQHandler
                0x08006fc0                ADC_IRQHandler
                0x08006fc0                DMA1_Stream7_IRQHandler
                0x08006fc0                SPI5_IRQHandler
                0x08006fc0                TIM7_IRQHandler
                0x08006fc0                CAN2_TX_IRQHandler
                0x08006fc0                TIM5_IRQHandler
                0x08006fc0                DMA2_Stream7_IRQHandler
                0x08006fc0                I2C3_EV_IRQHandler
                0x08006fc0                EXTI9_5_IRQHandler
                0x08006fc0                RTC_WKUP_IRQHandler
                0x08006fc0                ETH_WKUP_IRQHandler
                0x08006fc0                SPI2_IRQHandler
                0x08006fc0                OTG_HS_EP1_IN_IRQHandler
                0x08006fc0                DMA1_Stream0_IRQHandler
                0x08006fc0                CAN1_TX_IRQHandler
                0x08006fc0                EXTI4_IRQHandler
                0x08006fc0                ETH_IRQHandler
                0x08006fc0                OTG_HS_EP1_OUT_IRQHandler
                0x08006fc0                WWDG_IRQHandler
                0x08006fc0                SPI6_IRQHandler
                0x08006fc0                TIM2_IRQHandler
                0x08006fc0                OTG_FS_WKUP_IRQHandler
                0x08006fc0                TIM1_TRG_COM_TIM11_IRQHandler
                0x08006fc0                EXTI1_IRQHandler
                0x08006fc0                UART7_IRQHandler
                0x08006fc0                USART2_IRQHandler
                0x08006fc0                I2C2_ER_IRQHandler
                0x08006fc0                DMA2_Stream1_IRQHandler
                0x08006fc0                CAN1_SCE_IRQHandler
                0x08006fc0                FLASH_IRQHandler
                0x08006fc0                DMA2_Stream4_IRQHandler
                0x08006fc0                USART1_IRQHandler
                0x08006fc0                OTG_FS_IRQHandler
                0x08006fc0                SPI3_IRQHandler
                0x08006fc0                DMA1_Stream4_IRQHandler
                0x08006fc0                I2C1_ER_IRQHandler
                0x08006fc0                FMC_IRQHandler
                0x08006fc0                DMA2_Stream6_IRQHandler
                0x08006fc0                SAI1_IRQHandler
                0x08006fc0                DMA1_Stream3_IRQHandler
 *fill*         0x08006fc2        0x2 
 .text.__libc_init_array
                0x08006fc4       0x4c d:/tool_chain/gcc-arm-none-eabi/5.4 2016q3/bin/../lib/gcc/arm-none-eabi/5.4.1/../../../../arm-none-eabi/lib/armv7e-m/fpu\libc_nano.a(lib_a-init.o)
                0x08006fc4                __libc_init_array
 .text.malloc   0x08007010       0x10 d:/tool_chain/gcc-arm-none-eabi/5.4 2016q3/bin/../lib/gcc/arm-none-eabi/5.4.1/../../../../arm-none-eabi/lib/armv7e-m/fpu\libc_nano.a(lib_a-malloc.o)
                0x08007010                malloc
 .text.free     0x08007020       0x10 d:/tool_chain/gcc-arm-none-eabi/5.4 2016q3/bin/../lib/gcc/arm-none-eabi/5.4.1/../../../../arm-none-eabi/lib/armv7e-m/fpu\libc_nano.a(lib_a-malloc.o)
                0x08007020                free
 .text.memcpy   0x08007030       0x16 d:/tool_chain/gcc-arm-none-eabi/5.4 2016q3/bin/../lib/gcc/arm-none-eabi/5.4.1/../../../../arm-none-eabi/lib/armv7e-m/fpu\libc_nano.a(lib_a-memcpy-stub.o)
                0x08007030                memcpy
 .text.memset   0x08007046       0x10 d:/tool_chain/gcc-arm-none-eabi/5.4 2016q3/bin/../lib/gcc/arm-none-eabi/5.4.1/../../../../arm-none-eabi/lib/armv7e-m/fpu\libc_nano.a(lib_a-memset.o)
                0x08007046                memset
 *fill*         0x08007056        0x2 
 .text._free_r  0x08007058       0x9c d:/tool_chain/gcc-arm-none-eabi/5.4 2016q3/bin/../lib/gcc/arm-none-eabi/5.4.1/../../../../arm-none-eabi/lib/armv7e-m/fpu\libc_nano.a(lib_a-nano-freer.o)
                0x08007058                _free_r
 .text._malloc_r
                0x080070f4       0xbc d:/tool_chain/gcc-arm-none-eabi/5.4 2016q3/bin/../lib/gcc/arm-none-eabi/5.4.1/../../../../arm-none-eabi/lib/armv7e-m/fpu\libc_nano.a(lib_a-nano-mallocr.o)
                0x080070f4                _malloc_r
 .text._sbrk_r  0x080071b0       0x20 d:/tool_chain/gcc-arm-none-eabi/5.4 2016q3/bin/../lib/gcc/arm-none-eabi/5.4.1/../../../../arm-none-eabi/lib/armv7e-m/fpu\libc_nano.a(lib_a-sbrkr.o)
                0x080071b0                _sbrk_r
 .text.__malloc_lock
                0x080071d0        0x2 d:/tool_chain/gcc-arm-none-eabi/5.4 2016q3/bin/../lib/gcc/arm-none-eabi/5.4.1/../../../../arm-none-eabi/lib/armv7e-m/fpu\libc_nano.a(lib_a-mlock.o)
                0x080071d0                __malloc_lock
 .text.__malloc_unlock
                0x080071d2        0x2 d:/tool_chain/gcc-arm-none-eabi/5.4 2016q3/bin/../lib/gcc/arm-none-eabi/5.4.1/../../../../arm-none-eabi/lib/armv7e-m/fpu\libc_nano.a(lib_a-mlock.o)
                0x080071d2                __malloc_unlock
 .text._sbrk    0x080071d4       0x1c d:/tool_chain/gcc-arm-none-eabi/5.4 2016q3/bin/../lib/gcc/arm-none-eabi/5.4.1/../../../../arm-none-eabi/lib/armv7e-m/fpu\libnosys.a(sbrk.o)
                0x080071d4                _sbrk
 *(.glue_7)
 .glue_7        0x080071f0        0x0 linker stubs
 *(.glue_7t)
 .glue_7t       0x080071f0        0x0 linker stubs
 *(.eh_frame)
 .eh_frame      0x080071f0        0x0 d:/tool_chain/gcc-arm-none-eabi/5.4 2016q3/bin/../lib/gcc/arm-none-eabi/5.4.1/armv7e-m/fpu/crtbegin.o
 *(.init)
 .init          0x080071f0        0x4 d:/tool_chain/gcc-arm-none-eabi/5.4 2016q3/bin/../lib/gcc/arm-none-eabi/5.4.1/armv7e-m/fpu/crti.o
                0x080071f0                _init
 .init          0x080071f4        0x8 d:/tool_chain/gcc-arm-none-eabi/5.4 2016q3/bin/../lib/gcc/arm-none-eabi/5.4.1/armv7e-m/fpu/crtn.o
 *(.fini)
 .fini          0x080071fc        0x4 d:/tool_chain/gcc-arm-none-eabi/5.4 2016q3/bin/../lib/gcc/arm-none-eabi/5.4.1/armv7e-m/fpu/crti.o
                0x080071fc                _fini
 .fini          0x08007200        0x8 d:/tool_chain/gcc-arm-none-eabi/5.4 2016q3/bin/../lib/gcc/arm-none-eabi/5.4.1/armv7e-m/fpu/crtn.o
                0x08007208                . = ALIGN (0x4)
                0x08007208                _etext = .

.vfp11_veneer   0x08007208        0x0
 .vfp11_veneer  0x08007208        0x0 linker stubs

.v4_bx          0x08007208        0x0
 .v4_bx         0x08007208        0x0 linker stubs

.iplt           0x08007208        0x0
 .iplt          0x08007208        0x0 d:/tool_chain/gcc-arm-none-eabi/5.4 2016q3/bin/../lib/gcc/arm-none-eabi/5.4.1/armv7e-m/fpu/crtbegin.o

.rodata         0x08007208       0x84
                0x08007208                . = ALIGN (0x4)
 *(.rodata)
 .rodata        0x08007208       0x1c ../build/main.o
 .rodata        0x08007224       0x2c ../build/usbh_core.o
 *(.rodata*)
 .rodata.str1.4
                0x08007250        0xc ../build/main.o
 .rodata.AHBPrescTable
                0x0800725c       0x10 ../build/system_stm32f4xx.o
                0x0800725c                AHBPrescTable
 .rodata.APBPrescTable
                0x0800726c        0x8 ../build/system_stm32f4xx.o
                0x0800726c                APBPrescTable
 .rodata.str1.4
                0x08007274        0x5 ../build/tasks.o
 *fill*         0x08007279        0x3 
 .rodata.str1.4
                0x0800727c        0xc ../build/usbh_core.o
 .rodata.str1.4
                0x08007288        0x4 ../build/usbh_cdc.o
                0x0800728c                . = ALIGN (0x4)

.ARM.extab
 *(.ARM.extab* .gnu.linkonce.armextab.*)

.ARM            0x0800728c        0x8
                0x0800728c                __exidx_start = .
 *(.ARM.exidx*)
 .ARM.exidx     0x0800728c        0x8 d:/tool_chain/gcc-arm-none-eabi/5.4 2016q3/bin/../lib/gcc/arm-none-eabi/5.4.1/armv7e-m/fpu\libgcc.a(_udivmoddi4.o)
                0x08007294                __exidx_end = .

.rel.dyn        0x08007294        0x0
 .rel.iplt      0x08007294        0x0 d:/tool_chain/gcc-arm-none-eabi/5.4 2016q3/bin/../lib/gcc/arm-none-eabi/5.4.1/armv7e-m/fpu/crtbegin.o

.preinit_array  0x08007294        0x0
                0x08007294                PROVIDE (__preinit_array_start, .)
 *(.preinit_array*)
                0x08007294                PROVIDE (__preinit_array_end, .)

.init_array     0x08007294        0x4
                0x08007294                PROVIDE (__init_array_start, .)
 *(SORT(.init_array.*))
 *(.init_array*)
 .init_array    0x08007294        0x4 d:/tool_chain/gcc-arm-none-eabi/5.4 2016q3/bin/../lib/gcc/arm-none-eabi/5.4.1/armv7e-m/fpu/crtbegin.o
                0x08007298                PROVIDE (__init_array_end, .)

.fini_array     0x08007298        0x4
                [!provide]                PROVIDE (__fini_array_start, .)
 *(SORT(.fini_array.*))
 *(.fini_array*)
 .fini_array    0x08007298        0x4 d:/tool_chain/gcc-arm-none-eabi/5.4 2016q3/bin/../lib/gcc/arm-none-eabi/5.4.1/armv7e-m/fpu/crtbegin.o
                [!provide]                PROVIDE (__fini_array_end, .)
                0x0800729c                _sidata = LOADADDR (.data)

.data           0x20000000       0x94 load address 0x0800729c
                0x20000000                . = ALIGN (0x4)
                0x20000000                _sdata = .
 *(.data)
 *(.data*)
 .data.uwTickPrio
                0x20000000        0x4 ../build/stm32f4xx_hal.o
                0x20000000                uwTickPrio
 .data.uwTickFreq
                0x20000004        0x1 ../build/stm32f4xx_hal.o
                0x20000004                uwTickFreq
 *fill*         0x20000005        0x3 
 .data.SystemCoreClock
                0x20000008        0x4 ../build/system_stm32f4xx.o
                0x20000008                SystemCoreClock
 .data.uxCriticalNesting
                0x2000000c        0x4 ../build/port.o
 .data.CDC_Class
                0x20000010       0x20 ../build/usbh_cdc.o
                0x20000010                CDC_Class
 .data.impure_data
                0x20000030       0x60 d:/tool_chain/gcc-arm-none-eabi/5.4 2016q3/bin/../lib/gcc/arm-none-eabi/5.4.1/../../../../arm-none-eabi/lib/armv7e-m/fpu\libc_nano.a(lib_a-impure.o)
 .data._impure_ptr
                0x20000090        0x4 d:/tool_chain/gcc-arm-none-eabi/5.4 2016q3/bin/../lib/gcc/arm-none-eabi/5.4.1/../../../../arm-none-eabi/lib/armv7e-m/fpu\libc_nano.a(lib_a-impure.o)
                0x20000090                _impure_ptr
                0x20000094                . = ALIGN (0x4)
                0x20000094                _edata = .
                0x08007330                _siccmram = LOADADDR (.ccmram)

.jcr            0x20000094        0x0 load address 0x08007330
 .jcr           0x20000094        0x0 d:/tool_chain/gcc-arm-none-eabi/5.4 2016q3/bin/../lib/gcc/arm-none-eabi/5.4.1/armv7e-m/fpu/crtbegin.o

.igot.plt       0x20000094        0x0 load address 0x08007330
 .igot.plt      0x20000094        0x0 d:/tool_chain/gcc-arm-none-eabi/5.4 2016q3/bin/../lib/gcc/arm-none-eabi/5.4.1/armv7e-m/fpu/crtbegin.o

.ccmram         0x10000000        0x0 load address 0x08007330
                0x10000000                . = ALIGN (0x4)
                0x10000000                _sccmram = .
 *(.ccmram)
 *(.ccmram*)
                0x10000000                . = ALIGN (0x4)
                0x10000000                _eccmram = .
                0x10000000                . = ALIGN (0x4)

.bss            0x20000094     0x8d0c
                0x20000094                _sbss = .
                0x20000094                __bss_start__ = _sbss
 *(.bss)
 .bss           0x20000094       0x1c d:/tool_chain/gcc-arm-none-eabi/5.4 2016q3/bin/../lib/gcc/arm-none-eabi/5.4.1/armv7e-m/fpu/crtbegin.o
 *(.bss*)
 .bss.xIdleStack
                0x200000b0      0x200 ../build/freertos.o
 .bss.xIdleTaskTCBBuffer
                0x200002b0       0x58 ../build/freertos.o
 .bss.Appli_state
                0x20000308        0x1 ../build/usb_host.o
                0x20000308                Appli_state
 *fill*         0x20000309        0x3 
 .bss.FMC_Initialized
                0x2000030c        0x4 ../build/stm32f4xx_hal_msp.o
 .bss.tmpreg.8469
                0x20000310        0x4 ../build/stm32f4xx_ll_usb.o
 .bss.pxDelayedTaskList
                0x20000314        0x4 ../build/tasks.o
 .bss.xSchedulerRunning
                0x20000318        0x4 ../build/tasks.o
 .bss.xTasksWaitingTermination
                0x2000031c       0x14 ../build/tasks.o
 .bss.pxOverflowDelayedTaskList
                0x20000330        0x4 ../build/tasks.o
 .bss.uxPendedTicks
                0x20000334        0x4 ../build/tasks.o
 .bss.pxReadyTasksLists
                0x20000338       0x8c ../build/tasks.o
 .bss.uxSchedulerSuspended
                0x200003c4        0x4 ../build/tasks.o
 .bss.uxDeletedTasksWaitingCleanUp
                0x200003c8        0x4 ../build/tasks.o
 .bss.uxCurrentNumberOfTasks
                0x200003cc        0x4 ../build/tasks.o
 .bss.pxCurrentTCB
                0x200003d0        0x4 ../build/tasks.o
                0x200003d0                pxCurrentTCB
 .bss.xPendingReadyList
                0x200003d4       0x14 ../build/tasks.o
 .bss.xNumOfOverflows
                0x200003e8        0x4 ../build/tasks.o
 .bss.xTickCount
                0x200003ec        0x4 ../build/tasks.o
 .bss.xNextTaskUnblockTime
                0x200003f0        0x4 ../build/tasks.o
 .bss.uxTaskNumber
                0x200003f4        0x4 ../build/tasks.o
 .bss.xDelayedTaskList1
                0x200003f8       0x14 ../build/tasks.o
 .bss.xDelayedTaskList2
                0x2000040c       0x14 ../build/tasks.o
 .bss.xSuspendedTaskList
                0x20000420       0x14 ../build/tasks.o
 .bss.uxTopReadyPriority
                0x20000434        0x4 ../build/tasks.o
 .bss.xYieldPending
                0x20000438        0x4 ../build/tasks.o
 .bss.xFreeBytesRemaining
                0x2000043c        0x4 ../build/heap_4.o
 .bss.pxEnd     0x20000440        0x4 ../build/heap_4.o
 .bss.xStart    0x20000444        0x8 ../build/heap_4.o
 .bss.ucHeap    0x2000044c     0x8000 ../build/heap_4.o
 .bss.xBlockAllocatedBit
                0x2000844c        0x4 ../build/heap_4.o
 .bss.xMinimumEverFreeBytesRemaining
                0x20008450        0x4 ../build/heap_4.o
 .bss.ucMaxSysCallPriority
                0x20008454        0x1 ../build/port.o
 *fill*         0x20008455        0x3 
 .bss.ulMaxPRIGROUPValue
                0x20008458        0x4 ../build/port.o
 .bss.__malloc_sbrk_start
                0x2000845c        0x4 d:/tool_chain/gcc-arm-none-eabi/5.4 2016q3/bin/../lib/gcc/arm-none-eabi/5.4.1/../../../../arm-none-eabi/lib/armv7e-m/fpu\libc_nano.a(lib_a-nano-mallocr.o)
                0x2000845c                __malloc_sbrk_start
 .bss.__malloc_free_list
                0x20008460        0x4 d:/tool_chain/gcc-arm-none-eabi/5.4 2016q3/bin/../lib/gcc/arm-none-eabi/5.4.1/../../../../arm-none-eabi/lib/armv7e-m/fpu\libc_nano.a(lib_a-nano-mallocr.o)
                0x20008460                __malloc_free_list
 .bss.heap_end.4169
                0x20008464        0x4 d:/tool_chain/gcc-arm-none-eabi/5.4 2016q3/bin/../lib/gcc/arm-none-eabi/5.4.1/../../../../arm-none-eabi/lib/armv7e-m/fpu\libnosys.a(sbrk.o)
 *(COMMON)
 COMMON         0x20008468      0x254 ../build/main.o
                0x20008468                defaultTaskHandle
                0x2000846c                hi2c3
                0x200084c0                hspi5
                0x20008518                hcrc
                0x20008520                hltdc
                0x200085c8                huart1
                0x20008608                htim1
                0x20008648                hdma2d
                0x20008688                hsdram1
 COMMON         0x200086bc      0x3d8 ../build/usb_host.o
                0x200086bc                hUsbHostHS
 COMMON         0x20008a94      0x2c4 ../build/usbh_conf.o
                0x20008a94                hhcd_USB_OTG_HS
 COMMON         0x20008d58       0x40 ../build/stm32f4xx_hal_timebase_tim.o
                0x20008d58                htim6
 COMMON         0x20008d98        0x4 ../build/stm32f4xx_hal.o
                0x20008d98                uwTick
 COMMON         0x20008d9c        0x4 d:/tool_chain/gcc-arm-none-eabi/5.4 2016q3/bin/../lib/gcc/arm-none-eabi/5.4.1/../../../../arm-none-eabi/lib/armv7e-m/fpu\libc_nano.a(lib_a-reent.o)
                0x20008d9c                errno
                0x20008da0                . = ALIGN (0x4)
                0x20008da0                _ebss = .
                0x20008da0                __bss_end__ = _ebss

._user_heap_stack
                0x20008da0      0x600
                0x20008da0                . = ALIGN (0x8)
                0x20008da0                PROVIDE (end, .)
                [!provide]                PROVIDE (_end, .)
                0x20008fa0                . = (. + _Min_Heap_Size)
 *fill*         0x20008da0      0x200 
                0x200093a0                . = (. + _Min_Stack_Size)
 *fill*         0x20008fa0      0x400 
                0x200093a0                . = ALIGN (0x8)

/DISCARD/
 libc.a(*)
 libm.a(*)
 libgcc.a(*)

.ARM.attributes
                0x00000000       0x30
 *(.ARM.attributes)
 .ARM.attributes
                0x00000000       0x22 d:/tool_chain/gcc-arm-none-eabi/5.4 2016q3/bin/../lib/gcc/arm-none-eabi/5.4.1/armv7e-m/fpu/crti.o
 .ARM.attributes
                0x00000022       0x34 d:/tool_chain/gcc-arm-none-eabi/5.4 2016q3/bin/../lib/gcc/arm-none-eabi/5.4.1/armv7e-m/fpu/crtbegin.o
 .ARM.attributes
                0x00000056       0x39 ../build/main.o
 .ARM.attributes
                0x0000008f       0x39 ../build/freertos.o
 .ARM.attributes
                0x000000c8       0x39 ../build/usb_host.o
 .ARM.attributes
                0x00000101       0x39 ../build/usbh_conf.o
 .ARM.attributes
                0x0000013a       0x39 ../build/usbh_platform.o
 .ARM.attributes
                0x00000173       0x39 ../build/stm32f4xx_it.o
 .ARM.attributes
                0x000001ac       0x39 ../build/stm32f4xx_hal_msp.o
 .ARM.attributes
                0x000001e5       0x39 ../build/stm32f4xx_hal_timebase_tim.o
 .ARM.attributes
                0x0000021e       0x39 ../build/stm32f4xx_hal_hcd.o
 .ARM.attributes
                0x00000257       0x39 ../build/stm32f4xx_ll_usb.o
 .ARM.attributes
                0x00000290       0x39 ../build/stm32f4xx_hal_rcc.o
 .ARM.attributes
                0x000002c9       0x39 ../build/stm32f4xx_hal_rcc_ex.o
 .ARM.attributes
                0x00000302       0x39 ../build/stm32f4xx_hal_gpio.o
 .ARM.attributes
                0x0000033b       0x39 ../build/stm32f4xx_hal_cortex.o
 .ARM.attributes
                0x00000374       0x39 ../build/stm32f4xx_hal.o
 .ARM.attributes
                0x000003ad       0x39 ../build/stm32f4xx_hal_crc.o
 .ARM.attributes
                0x000003e6       0x39 ../build/stm32f4xx_hal_dma2d.o
 .ARM.attributes
                0x0000041f       0x39 ../build/stm32f4xx_ll_fmc.o
 .ARM.attributes
                0x00000458       0x39 ../build/stm32f4xx_hal_sdram.o
 .ARM.attributes
                0x00000491       0x39 ../build/stm32f4xx_hal_i2c.o
 .ARM.attributes
                0x000004ca       0x39 ../build/stm32f4xx_hal_i2c_ex.o
 .ARM.attributes
                0x00000503       0x39 ../build/stm32f4xx_hal_ltdc.o
 .ARM.attributes
                0x0000053c       0x39 ../build/stm32f4xx_hal_spi.o
 .ARM.attributes
                0x00000575       0x39 ../build/stm32f4xx_hal_tim.o
 .ARM.attributes
                0x000005ae       0x39 ../build/stm32f4xx_hal_tim_ex.o
 .ARM.attributes
                0x000005e7       0x39 ../build/stm32f4xx_hal_uart.o
 .ARM.attributes
                0x00000620       0x39 ../build/system_stm32f4xx.o
 .ARM.attributes
                0x00000659       0x39 ../build/list.o
 .ARM.attributes
                0x00000692       0x39 ../build/queue.o
 .ARM.attributes
                0x000006cb       0x39 ../build/tasks.o
 .ARM.attributes
                0x00000704       0x39 ../build/cmsis_os.o
 .ARM.attributes
                0x0000073d       0x39 ../build/heap_4.o
 .ARM.attributes
                0x00000776       0x39 ../build/port.o
 .ARM.attributes
                0x000007af       0x39 ../build/usbh_core.o
 .ARM.attributes
                0x000007e8       0x39 ../build/usbh_ctlreq.o
 .ARM.attributes
                0x00000821       0x39 ../build/usbh_ioreq.o
 .ARM.attributes
                0x0000085a       0x39 ../build/usbh_pipes.o
 .ARM.attributes
                0x00000893       0x39 ../build/usbh_cdc.o
 .ARM.attributes
                0x000008cc       0x21 ../build/startup_stm32f429xx.o
 .ARM.attributes
                0x000008ed       0x34 d:/tool_chain/gcc-arm-none-eabi/5.4 2016q3/bin/../lib/gcc/arm-none-eabi/5.4.1/../../../../arm-none-eabi/lib/armv7e-m/fpu\libc_nano.a(lib_a-impure.o)
 .ARM.attributes
                0x00000921       0x34 d:/tool_chain/gcc-arm-none-eabi/5.4 2016q3/bin/../lib/gcc/arm-none-eabi/5.4.1/../../../../arm-none-eabi/lib/armv7e-m/fpu\libc_nano.a(lib_a-init.o)
 .ARM.attributes
                0x00000955       0x34 d:/tool_chain/gcc-arm-none-eabi/5.4 2016q3/bin/../lib/gcc/arm-none-eabi/5.4.1/../../../../arm-none-eabi/lib/armv7e-m/fpu\libc_nano.a(lib_a-malloc.o)
 .ARM.attributes
                0x00000989       0x34 d:/tool_chain/gcc-arm-none-eabi/5.4 2016q3/bin/../lib/gcc/arm-none-eabi/5.4.1/../../../../arm-none-eabi/lib/armv7e-m/fpu\libc_nano.a(lib_a-memcpy-stub.o)
 .ARM.attributes
                0x000009bd       0x34 d:/tool_chain/gcc-arm-none-eabi/5.4 2016q3/bin/../lib/gcc/arm-none-eabi/5.4.1/../../../../arm-none-eabi/lib/armv7e-m/fpu\libc_nano.a(lib_a-memset.o)
 .ARM.attributes
                0x000009f1       0x34 d:/tool_chain/gcc-arm-none-eabi/5.4 2016q3/bin/../lib/gcc/arm-none-eabi/5.4.1/../../../../arm-none-eabi/lib/armv7e-m/fpu\libc_nano.a(lib_a-nano-freer.o)
 .ARM.attributes
                0x00000a25       0x34 d:/tool_chain/gcc-arm-none-eabi/5.4 2016q3/bin/../lib/gcc/arm-none-eabi/5.4.1/../../../../arm-none-eabi/lib/armv7e-m/fpu\libc_nano.a(lib_a-nano-mallocr.o)
 .ARM.attributes
                0x00000a59       0x34 d:/tool_chain/gcc-arm-none-eabi/5.4 2016q3/bin/../lib/gcc/arm-none-eabi/5.4.1/../../../../arm-none-eabi/lib/armv7e-m/fpu\libc_nano.a(lib_a-sbrkr.o)
 .ARM.attributes
                0x00000a8d       0x34 d:/tool_chain/gcc-arm-none-eabi/5.4 2016q3/bin/../lib/gcc/arm-none-eabi/5.4.1/../../../../arm-none-eabi/lib/armv7e-m/fpu\libc_nano.a(lib_a-mlock.o)
 .ARM.attributes
                0x00000ac1       0x34 d:/tool_chain/gcc-arm-none-eabi/5.4 2016q3/bin/../lib/gcc/arm-none-eabi/5.4.1/../../../../arm-none-eabi/lib/armv7e-m/fpu\libc_nano.a(lib_a-reent.o)
 .ARM.attributes
                0x00000af5       0x34 d:/tool_chain/gcc-arm-none-eabi/5.4 2016q3/bin/../lib/gcc/arm-none-eabi/5.4.1/../../../../arm-none-eabi/lib/armv7e-m/fpu\libnosys.a(sbrk.o)
 .ARM.attributes
                0x00000b29       0x22 d:/tool_chain/gcc-arm-none-eabi/5.4 2016q3/bin/../lib/gcc/arm-none-eabi/5.4.1/armv7e-m/fpu\libgcc.a(_aeabi_uldivmod.o)
 .ARM.attributes
                0x00000b4b       0x34 d:/tool_chain/gcc-arm-none-eabi/5.4 2016q3/bin/../lib/gcc/arm-none-eabi/5.4.1/armv7e-m/fpu\libgcc.a(_udivmoddi4.o)
 .ARM.attributes
                0x00000b7f       0x22 d:/tool_chain/gcc-arm-none-eabi/5.4 2016q3/bin/../lib/gcc/arm-none-eabi/5.4.1/armv7e-m/fpu\libgcc.a(_dvmd_tls.o)
 .ARM.attributes
                0x00000ba1       0x22 d:/tool_chain/gcc-arm-none-eabi/5.4 2016q3/bin/../lib/gcc/arm-none-eabi/5.4.1/armv7e-m/fpu/crtn.o
OUTPUT(../build/demoPrj.elf elf32-littlearm)

.debug_info     0x00000000    0x2ef58
 .debug_info    0x00000000     0x2993 ../build/main.o
 .debug_info    0x00002993      0x33b ../build/freertos.o
 .debug_info    0x00002cce      0xb24 ../build/usb_host.o
 .debug_info    0x000037f2     0x1f5c ../build/usbh_conf.o
 .debug_info    0x0000574e      0x222 ../build/usbh_platform.o
 .debug_info    0x00005970     0x1353 ../build/stm32f4xx_it.o
 .debug_info    0x00006cc3     0x2723 ../build/stm32f4xx_hal_msp.o
 .debug_info    0x000093e6      0xc87 ../build/stm32f4xx_hal_timebase_tim.o
 .debug_info    0x0000a06d     0x135e ../build/stm32f4xx_hal_hcd.o
 .debug_info    0x0000b3cb     0x1c81 ../build/stm32f4xx_ll_usb.o
 .debug_info    0x0000d04c      0xb50 ../build/stm32f4xx_hal_rcc.o
 .debug_info    0x0000db9c      0x840 ../build/stm32f4xx_hal_rcc_ex.o
 .debug_info    0x0000e3dc      0x7d8 ../build/stm32f4xx_hal_gpio.o
 .debug_info    0x0000ebb4     0x101e ../build/stm32f4xx_hal_cortex.o
 .debug_info    0x0000fbd2      0xae0 ../build/stm32f4xx_hal.o
 .debug_info    0x000106b2      0x400 ../build/stm32f4xx_hal_crc.o
 .debug_info    0x00010ab2     0x122b ../build/stm32f4xx_hal_dma2d.o
 .debug_info    0x00011cdd      0xfd4 ../build/stm32f4xx_ll_fmc.o
 .debug_info    0x00012cb1      0xe9f ../build/stm32f4xx_hal_sdram.o
 .debug_info    0x00013b50     0x3494 ../build/stm32f4xx_hal_i2c.o
 .debug_info    0x00016fe4      0x717 ../build/stm32f4xx_hal_i2c_ex.o
 .debug_info    0x000176fb     0x141c ../build/stm32f4xx_hal_ltdc.o
 .debug_info    0x00018b17     0x1d22 ../build/stm32f4xx_hal_spi.o
 .debug_info    0x0001a839     0x3419 ../build/stm32f4xx_hal_tim.o
 .debug_info    0x0001dc52     0x159f ../build/stm32f4xx_hal_tim_ex.o
 .debug_info    0x0001f1f1     0x17f2 ../build/stm32f4xx_hal_uart.o
 .debug_info    0x000209e3      0x58f ../build/system_stm32f4xx.o
 .debug_info    0x00020f72      0x2d5 ../build/list.o
 .debug_info    0x00021247     0x235d ../build/queue.o
 .debug_info    0x000235a4     0x2878 ../build/tasks.o
 .debug_info    0x00025e1c     0x21d0 ../build/cmsis_os.o
 .debug_info    0x00027fec      0x49d ../build/heap_4.o
 .debug_info    0x00028489      0x5ae ../build/port.o
 .debug_info    0x00028a37     0x1c70 ../build/usbh_core.o
 .debug_info    0x0002a6a7     0x14e4 ../build/usbh_ctlreq.o
 .debug_info    0x0002bb8b      0xf29 ../build/usbh_ioreq.o
 .debug_info    0x0002cab4      0xbbd ../build/usbh_pipes.o
 .debug_info    0x0002d671     0x1883 ../build/usbh_cdc.o
 .debug_info    0x0002eef4       0x64 ../build/startup_stm32f429xx.o

.debug_abbrev   0x00000000     0x5769
 .debug_abbrev  0x00000000      0x2af ../build/main.o
 .debug_abbrev  0x000002af       0xee ../build/freertos.o
 .debug_abbrev  0x0000039d      0x224 ../build/usb_host.o
 .debug_abbrev  0x000005c1      0x31f ../build/usbh_conf.o
 .debug_abbrev  0x000008e0      0x114 ../build/usbh_platform.o
 .debug_abbrev  0x000009f4      0x1c3 ../build/stm32f4xx_it.o
 .debug_abbrev  0x00000bb7      0x273 ../build/stm32f4xx_hal_msp.o
 .debug_abbrev  0x00000e2a      0x1d4 ../build/stm32f4xx_hal_timebase_tim.o
 .debug_abbrev  0x00000ffe      0x28c ../build/stm32f4xx_hal_hcd.o
 .debug_abbrev  0x0000128a      0x2c3 ../build/stm32f4xx_ll_usb.o
 .debug_abbrev  0x0000154d      0x28b ../build/stm32f4xx_hal_rcc.o
 .debug_abbrev  0x000017d8      0x18c ../build/stm32f4xx_hal_rcc_ex.o
 .debug_abbrev  0x00001964      0x211 ../build/stm32f4xx_hal_gpio.o
 .debug_abbrev  0x00001b75      0x313 ../build/stm32f4xx_hal_cortex.o
 .debug_abbrev  0x00001e88      0x1ef ../build/stm32f4xx_hal.o
 .debug_abbrev  0x00002077      0x1a5 ../build/stm32f4xx_hal_crc.o
 .debug_abbrev  0x0000221c      0x25a ../build/stm32f4xx_hal_dma2d.o
 .debug_abbrev  0x00002476      0x1bb ../build/stm32f4xx_ll_fmc.o
 .debug_abbrev  0x00002631      0x24a ../build/stm32f4xx_hal_sdram.o
 .debug_abbrev  0x0000287b      0x2bc ../build/stm32f4xx_hal_i2c.o
 .debug_abbrev  0x00002b37      0x126 ../build/stm32f4xx_hal_i2c_ex.o
 .debug_abbrev  0x00002c5d      0x232 ../build/stm32f4xx_hal_ltdc.o
 .debug_abbrev  0x00002e8f      0x27d ../build/stm32f4xx_hal_spi.o
 .debug_abbrev  0x0000310c      0x258 ../build/stm32f4xx_hal_tim.o
 .debug_abbrev  0x00003364      0x251 ../build/stm32f4xx_hal_tim_ex.o
 .debug_abbrev  0x000035b5      0x2ab ../build/stm32f4xx_hal_uart.o
 .debug_abbrev  0x00003860      0x103 ../build/system_stm32f4xx.o
 .debug_abbrev  0x00003963       0xff ../build/list.o
 .debug_abbrev  0x00003a62      0x377 ../build/queue.o
 .debug_abbrev  0x00003dd9      0x36e ../build/tasks.o
 .debug_abbrev  0x00004147      0x32d ../build/cmsis_os.o
 .debug_abbrev  0x00004474      0x244 ../build/heap_4.o
 .debug_abbrev  0x000046b8      0x257 ../build/port.o
 .debug_abbrev  0x0000490f      0x3d1 ../build/usbh_core.o
 .debug_abbrev  0x00004ce0      0x31d ../build/usbh_ctlreq.o
 .debug_abbrev  0x00004ffd      0x1fd ../build/usbh_ioreq.o
 .debug_abbrev  0x000051fa      0x253 ../build/usbh_pipes.o
 .debug_abbrev  0x0000544d      0x30a ../build/usbh_cdc.o
 .debug_abbrev  0x00005757       0x12 ../build/startup_stm32f429xx.o

.debug_loc      0x00000000    0x1ee56
 .debug_loc     0x00000000      0x269 ../build/main.o
 .debug_loc     0x00000269       0x20 ../build/usb_host.o
 .debug_loc     0x00000289      0xab7 ../build/usbh_conf.o
 .debug_loc     0x00000d40       0x5f ../build/usbh_platform.o
 .debug_loc     0x00000d9f       0x80 ../build/stm32f4xx_it.o
 .debug_loc     0x00000e1f      0x490 ../build/stm32f4xx_hal_msp.o
 .debug_loc     0x000012af       0xa2 ../build/stm32f4xx_hal_timebase_tim.o
 .debug_loc     0x00001351      0xd12 ../build/stm32f4xx_hal_hcd.o
 .debug_loc     0x00002063     0x1f40 ../build/stm32f4xx_ll_usb.o
 .debug_loc     0x00003fa3      0x603 ../build/stm32f4xx_hal_rcc.o
 .debug_loc     0x000045a6      0x518 ../build/stm32f4xx_hal_rcc_ex.o
 .debug_loc     0x00004abe      0x42c ../build/stm32f4xx_hal_gpio.o
 .debug_loc     0x00004eea      0x5c0 ../build/stm32f4xx_hal_cortex.o
 .debug_loc     0x000054aa      0x1bb ../build/stm32f4xx_hal.o
 .debug_loc     0x00005665      0x264 ../build/stm32f4xx_hal_crc.o
 .debug_loc     0x000058c9     0x13c3 ../build/stm32f4xx_hal_dma2d.o
 .debug_loc     0x00006c8c      0xbb0 ../build/stm32f4xx_ll_fmc.o
 .debug_loc     0x0000783c      0xec1 ../build/stm32f4xx_hal_sdram.o
 .debug_loc     0x000086fd     0x4060 ../build/stm32f4xx_hal_i2c.o
 .debug_loc     0x0000c75d      0x102 ../build/stm32f4xx_hal_i2c_ex.o
 .debug_loc     0x0000c85f     0x1a7e ../build/stm32f4xx_hal_ltdc.o
 .debug_loc     0x0000e2dd     0x1efa ../build/stm32f4xx_hal_spi.o
 .debug_loc     0x000101d7     0x429a ../build/stm32f4xx_hal_tim.o
 .debug_loc     0x00014471     0x1492 ../build/stm32f4xx_hal_tim_ex.o
 .debug_loc     0x00015903     0x17d8 ../build/stm32f4xx_hal_uart.o
 .debug_loc     0x000170db      0x132 ../build/system_stm32f4xx.o
 .debug_loc     0x0001720d       0x91 ../build/list.o
 .debug_loc     0x0001729e     0x17b9 ../build/queue.o
 .debug_loc     0x00018a57     0x1cbc ../build/tasks.o
 .debug_loc     0x0001a713     0x1802 ../build/cmsis_os.o
 .debug_loc     0x0001bf15      0x32f ../build/heap_4.o
 .debug_loc     0x0001c244      0x160 ../build/port.o
 .debug_loc     0x0001c3a4      0xa0e ../build/usbh_core.o
 .debug_loc     0x0001cdb2      0xdc1 ../build/usbh_ctlreq.o
 .debug_loc     0x0001db73      0x707 ../build/usbh_ioreq.o
 .debug_loc     0x0001e27a      0x236 ../build/usbh_pipes.o
 .debug_loc     0x0001e4b0      0x9a6 ../build/usbh_cdc.o

.debug_aranges  0x00000000     0x2140
 .debug_aranges
                0x00000000       0x88 ../build/main.o
 .debug_aranges
                0x00000088       0x38 ../build/freertos.o
 .debug_aranges
                0x000000c0       0x28 ../build/usb_host.o
 .debug_aranges
                0x000000e8       0xd8 ../build/usbh_conf.o
 .debug_aranges
                0x000001c0       0x20 ../build/usbh_platform.o
 .debug_aranges
                0x000001e0       0x68 ../build/stm32f4xx_it.o
 .debug_aranges
                0x00000248       0xb0 ../build/stm32f4xx_hal_msp.o
 .debug_aranges
                0x000002f8       0x30 ../build/stm32f4xx_hal_timebase_tim.o
 .debug_aranges
                0x00000328       0xf0 ../build/stm32f4xx_hal_hcd.o
 .debug_aranges
                0x00000418      0x198 ../build/stm32f4xx_ll_usb.o
 .debug_aranges
                0x000005b0       0x88 ../build/stm32f4xx_hal_rcc.o
 .debug_aranges
                0x00000638       0x58 ../build/stm32f4xx_hal_rcc_ex.o
 .debug_aranges
                0x00000690       0x58 ../build/stm32f4xx_hal_gpio.o
 .debug_aranges
                0x000006e8       0xa8 ../build/stm32f4xx_hal_cortex.o
 .debug_aranges
                0x00000790      0x100 ../build/stm32f4xx_hal.o
 .debug_aranges
                0x00000890       0x50 ../build/stm32f4xx_hal_crc.o
 .debug_aranges
                0x000008e0      0x118 ../build/stm32f4xx_hal_dma2d.o
 .debug_aranges
                0x000009f8       0xf0 ../build/stm32f4xx_ll_fmc.o
 .debug_aranges
                0x00000ae8       0xd0 ../build/stm32f4xx_hal_sdram.o
 .debug_aranges
                0x00000bb8      0x298 ../build/stm32f4xx_hal_i2c.o
 .debug_aranges
                0x00000e50       0x28 ../build/stm32f4xx_hal_i2c_ex.o
 .debug_aranges
                0x00000e78      0x158 ../build/stm32f4xx_hal_ltdc.o
 .debug_aranges
                0x00000fd0      0x1d0 ../build/stm32f4xx_hal_spi.o
 .debug_aranges
                0x000011a0      0x3a8 ../build/stm32f4xx_hal_tim.o
 .debug_aranges
                0x00001548      0x150 ../build/stm32f4xx_hal_tim_ex.o
 .debug_aranges
                0x00001698      0x1d0 ../build/stm32f4xx_hal_uart.o
 .debug_aranges
                0x00001868       0x28 ../build/system_stm32f4xx.o
 .debug_aranges
                0x00001890       0x40 ../build/list.o
 .debug_aranges
                0x000018d0      0x128 ../build/queue.o
 .debug_aranges
                0x000019f8      0x1c0 ../build/tasks.o
 .debug_aranges
                0x00001bb8      0x1d8 ../build/cmsis_os.o
 .debug_aranges
                0x00001d90       0x50 ../build/heap_4.o
 .debug_aranges
                0x00001de0       0x80 ../build/port.o
 .debug_aranges
                0x00001e60       0xd0 ../build/usbh_core.o
 .debug_aranges
                0x00001f30       0xa0 ../build/usbh_ctlreq.o
 .debug_aranges
                0x00001fd0       0x60 ../build/usbh_ioreq.o
 .debug_aranges
                0x00002030       0x40 ../build/usbh_pipes.o
 .debug_aranges
                0x00002070       0xa8 ../build/usbh_cdc.o
 .debug_aranges
                0x00002118       0x28 ../build/startup_stm32f429xx.o

.debug_ranges   0x00000000     0x1f58
 .debug_ranges  0x00000000       0x78 ../build/main.o
 .debug_ranges  0x00000078       0x28 ../build/freertos.o
 .debug_ranges  0x000000a0       0x18 ../build/usb_host.o
 .debug_ranges  0x000000b8       0xc8 ../build/usbh_conf.o
 .debug_ranges  0x00000180       0x10 ../build/usbh_platform.o
 .debug_ranges  0x00000190       0x58 ../build/stm32f4xx_it.o
 .debug_ranges  0x000001e8       0xa0 ../build/stm32f4xx_hal_msp.o
 .debug_ranges  0x00000288       0x20 ../build/stm32f4xx_hal_timebase_tim.o
 .debug_ranges  0x000002a8       0xe0 ../build/stm32f4xx_hal_hcd.o
 .debug_ranges  0x00000388      0x188 ../build/stm32f4xx_ll_usb.o
 .debug_ranges  0x00000510       0x90 ../build/stm32f4xx_hal_rcc.o
 .debug_ranges  0x000005a0       0x48 ../build/stm32f4xx_hal_rcc_ex.o
 .debug_ranges  0x000005e8       0x48 ../build/stm32f4xx_hal_gpio.o
 .debug_ranges  0x00000630       0x98 ../build/stm32f4xx_hal_cortex.o
 .debug_ranges  0x000006c8       0xf0 ../build/stm32f4xx_hal.o
 .debug_ranges  0x000007b8       0x40 ../build/stm32f4xx_hal_crc.o
 .debug_ranges  0x000007f8      0x108 ../build/stm32f4xx_hal_dma2d.o
 .debug_ranges  0x00000900       0xe0 ../build/stm32f4xx_ll_fmc.o
 .debug_ranges  0x000009e0       0xc0 ../build/stm32f4xx_hal_sdram.o
 .debug_ranges  0x00000aa0      0x288 ../build/stm32f4xx_hal_i2c.o
 .debug_ranges  0x00000d28       0x18 ../build/stm32f4xx_hal_i2c_ex.o
 .debug_ranges  0x00000d40      0x148 ../build/stm32f4xx_hal_ltdc.o
 .debug_ranges  0x00000e88      0x1c0 ../build/stm32f4xx_hal_spi.o
 .debug_ranges  0x00001048      0x398 ../build/stm32f4xx_hal_tim.o
 .debug_ranges  0x000013e0      0x140 ../build/stm32f4xx_hal_tim_ex.o
 .debug_ranges  0x00001520      0x1c0 ../build/stm32f4xx_hal_uart.o
 .debug_ranges  0x000016e0       0x18 ../build/system_stm32f4xx.o
 .debug_ranges  0x000016f8       0x30 ../build/list.o
 .debug_ranges  0x00001728      0x160 ../build/queue.o
 .debug_ranges  0x00001888      0x1d0 ../build/tasks.o
 .debug_ranges  0x00001a58      0x1c8 ../build/cmsis_os.o
 .debug_ranges  0x00001c20       0x40 ../build/heap_4.o
 .debug_ranges  0x00001c60       0x70 ../build/port.o
 .debug_ranges  0x00001cd0       0xc0 ../build/usbh_core.o
 .debug_ranges  0x00001d90       0x90 ../build/usbh_ctlreq.o
 .debug_ranges  0x00001e20       0x50 ../build/usbh_ioreq.o
 .debug_ranges  0x00001e70       0x30 ../build/usbh_pipes.o
 .debug_ranges  0x00001ea0       0x98 ../build/usbh_cdc.o
 .debug_ranges  0x00001f38       0x20 ../build/startup_stm32f429xx.o

.debug_line     0x00000000     0xdfb9
 .debug_line    0x00000000      0x599 ../build/main.o
 .debug_line    0x00000599      0x1da ../build/freertos.o
 .debug_line    0x00000773      0x25e ../build/usb_host.o
 .debug_line    0x000009d1      0x4c1 ../build/usbh_conf.o
 .debug_line    0x00000e92      0x18e ../build/usbh_platform.o
 .debug_line    0x00001020      0x2aa ../build/stm32f4xx_it.o
 .debug_line    0x000012ca      0x491 ../build/stm32f4xx_hal_msp.o
 .debug_line    0x0000175b      0x226 ../build/stm32f4xx_hal_timebase_tim.o
 .debug_line    0x00001981      0x589 ../build/stm32f4xx_hal_hcd.o
 .debug_line    0x00001f0a      0x824 ../build/stm32f4xx_ll_usb.o
 .debug_line    0x0000272e      0x4b9 ../build/stm32f4xx_hal_rcc.o
 .debug_line    0x00002be7      0x3a2 ../build/stm32f4xx_hal_rcc_ex.o
 .debug_line    0x00002f89      0x353 ../build/stm32f4xx_hal_gpio.o
 .debug_line    0x000032dc      0x3d1 ../build/stm32f4xx_hal_cortex.o
 .debug_line    0x000036ad      0x406 ../build/stm32f4xx_hal.o
 .debug_line    0x00003ab3      0x275 ../build/stm32f4xx_hal_crc.o
 .debug_line    0x00003d28      0x785 ../build/stm32f4xx_hal_dma2d.o
 .debug_line    0x000044ad      0x52f ../build/stm32f4xx_ll_fmc.o
 .debug_line    0x000049dc      0x4e9 ../build/stm32f4xx_hal_sdram.o
 .debug_line    0x00004ec5     0x15e1 ../build/stm32f4xx_hal_i2c.o
 .debug_line    0x000064a6      0x202 ../build/stm32f4xx_hal_i2c_ex.o
 .debug_line    0x000066a8      0xa91 ../build/stm32f4xx_hal_ltdc.o
 .debug_line    0x00007139      0xbc1 ../build/stm32f4xx_hal_spi.o
 .debug_line    0x00007cfa     0x1357 ../build/stm32f4xx_hal_tim.o
 .debug_line    0x00009051      0x800 ../build/stm32f4xx_hal_tim_ex.o
 .debug_line    0x00009851      0xad5 ../build/stm32f4xx_hal_uart.o
 .debug_line    0x0000a326      0x17a ../build/system_stm32f4xx.o
 .debug_line    0x0000a4a0      0x201 ../build/list.o
 .debug_line    0x0000a6a1      0x9d1 ../build/queue.o
 .debug_line    0x0000b072      0xbec ../build/tasks.o
 .debug_line    0x0000bc5e      0x835 ../build/cmsis_os.o
 .debug_line    0x0000c493      0x30e ../build/heap_4.o
 .debug_line    0x0000c7a1      0x31d ../build/port.o
 .debug_line    0x0000cabe      0x5a3 ../build/usbh_core.o
 .debug_line    0x0000d061      0x4cc ../build/usbh_ctlreq.o
 .debug_line    0x0000d52d      0x2b9 ../build/usbh_ioreq.o
 .debug_line    0x0000d7e6      0x26f ../build/usbh_pipes.o
 .debug_line    0x0000da55      0x4f0 ../build/usbh_cdc.o
 .debug_line    0x0000df45       0x74 ../build/startup_stm32f429xx.o

.debug_str      0x00000000     0xa702
 .debug_str     0x00000000     0x1a2d ../build/main.o
                               0x1bf4 (size before relaxing)
 .debug_str     0x00001a2d       0xe6 ../build/freertos.o
                                0x3a2 (size before relaxing)
 .debug_str     0x00001b13      0x826 ../build/usb_host.o
                                0xac9 (size before relaxing)
 .debug_str     0x00002339      0xdc2 ../build/usbh_conf.o
                               0x19f8 (size before relaxing)
 .debug_str     0x000030fb       0x22 ../build/usbh_platform.o
                                0x272 (size before relaxing)
 .debug_str     0x0000311d       0xf3 ../build/stm32f4xx_it.o
                                0xf05 (size before relaxing)
 .debug_str     0x00003210      0x1af ../build/stm32f4xx_hal_msp.o
                               0x1ad3 (size before relaxing)
 .debug_str     0x000033bf       0xcc ../build/stm32f4xx_hal_timebase_tim.o
                                0xdd0 (size before relaxing)
 .debug_str     0x0000348b      0x2d9 ../build/stm32f4xx_hal_hcd.o
                                0xafc (size before relaxing)
 .debug_str     0x00003764      0x4ff ../build/stm32f4xx_ll_usb.o
                                0xc5c (size before relaxing)
 .debug_str     0x00003c63      0x1db ../build/stm32f4xx_hal_rcc.o
                                0x728 (size before relaxing)
 .debug_str     0x00003e3e      0x130 ../build/stm32f4xx_hal_rcc_ex.o
                                0x5a3 (size before relaxing)
 .debug_str     0x00003f6e      0x109 ../build/stm32f4xx_hal_gpio.o
                                0x513 (size before relaxing)
 .debug_str     0x00004077      0x4bb ../build/stm32f4xx_hal_cortex.o
                                0xc9e (size before relaxing)
 .debug_str     0x00004532      0x2a4 ../build/stm32f4xx_hal.o
                                0xc2c (size before relaxing)
 .debug_str     0x000047d6       0x8f ../build/stm32f4xx_hal_crc.o
                                0x3c3 (size before relaxing)
 .debug_str     0x00004865      0x35b ../build/stm32f4xx_hal_dma2d.o
                                0x94a (size before relaxing)
 .debug_str     0x00004bc0      0x5e8 ../build/stm32f4xx_ll_fmc.o
                                0x9cd (size before relaxing)
 .debug_str     0x000051a8      0x25e ../build/stm32f4xx_hal_sdram.o
                                0xa66 (size before relaxing)
 .debug_str     0x00005406      0x86a ../build/stm32f4xx_hal_i2c.o
                               0x104a (size before relaxing)
 .debug_str     0x00005c70       0x38 ../build/stm32f4xx_hal_i2c_ex.o
                                0x78b (size before relaxing)
 .debug_str     0x00005ca8      0x471 ../build/stm32f4xx_hal_ltdc.o
                                0x9d2 (size before relaxing)
 .debug_str     0x00006119      0x504 ../build/stm32f4xx_hal_spi.o
                                0xbf9 (size before relaxing)
 .debug_str     0x0000661d      0xd28 ../build/stm32f4xx_hal_tim.o
                               0x14cb (size before relaxing)
 .debug_str     0x00007345      0x4d5 ../build/stm32f4xx_hal_tim_ex.o
                                0xce3 (size before relaxing)
 .debug_str     0x0000781a      0x4ed ../build/stm32f4xx_hal_uart.o
                                0xc41 (size before relaxing)
 .debug_str     0x00007d07       0x42 ../build/system_stm32f4xx.o
                                0x3a3 (size before relaxing)
 .debug_str     0x00007d49      0x136 ../build/list.o
                                0x303 (size before relaxing)
 .debug_str     0x00007e7f      0x89c ../build/queue.o
                                0xb7b (size before relaxing)
 .debug_str     0x0000871b      0x9e2 ../build/tasks.o
                               0x10c1 (size before relaxing)
 .debug_str     0x000090fd      0x747 ../build/cmsis_os.o
                               0x1082 (size before relaxing)
 .debug_str     0x00009844      0x1de ../build/heap_4.o
                                0x409 (size before relaxing)
 .debug_str     0x00009a22      0x17d ../build/port.o
                                0x47f (size before relaxing)
 .debug_str     0x00009b9f      0x26f ../build/usbh_core.o
                               0x11ec (size before relaxing)
 .debug_str     0x00009e0e      0x1ff ../build/usbh_ctlreq.o
                                0xd5a (size before relaxing)
 .debug_str     0x0000a00d       0xbb ../build/usbh_ioreq.o
                                0xb26 (size before relaxing)
 .debug_str     0x0000a0c8       0x64 ../build/usbh_pipes.o
                                0xabc (size before relaxing)
 .debug_str     0x0000a12c      0x5d6 ../build/usbh_cdc.o
                               0x11ea (size before relaxing)

.comment        0x00000000       0x6e
 .comment       0x00000000       0x6e ../build/main.o
                                 0x6f (size before relaxing)
 .comment       0x0000006e       0x6f ../build/freertos.o
 .comment       0x0000006e       0x6f ../build/usb_host.o
 .comment       0x0000006e       0x6f ../build/usbh_conf.o
 .comment       0x0000006e       0x6f ../build/usbh_platform.o
 .comment       0x0000006e       0x6f ../build/stm32f4xx_it.o
 .comment       0x0000006e       0x6f ../build/stm32f4xx_hal_msp.o
 .comment       0x0000006e       0x6f ../build/stm32f4xx_hal_timebase_tim.o
 .comment       0x0000006e       0x6f ../build/stm32f4xx_hal_hcd.o
 .comment       0x0000006e       0x6f ../build/stm32f4xx_ll_usb.o
 .comment       0x0000006e       0x6f ../build/stm32f4xx_hal_rcc.o
 .comment       0x0000006e       0x6f ../build/stm32f4xx_hal_rcc_ex.o
 .comment       0x0000006e       0x6f ../build/stm32f4xx_hal_gpio.o
 .comment       0x0000006e       0x6f ../build/stm32f4xx_hal_cortex.o
 .comment       0x0000006e       0x6f ../build/stm32f4xx_hal.o
 .comment       0x0000006e       0x6f ../build/stm32f4xx_hal_crc.o
 .comment       0x0000006e       0x6f ../build/stm32f4xx_hal_dma2d.o
 .comment       0x0000006e       0x6f ../build/stm32f4xx_ll_fmc.o
 .comment       0x0000006e       0x6f ../build/stm32f4xx_hal_sdram.o
 .comment       0x0000006e       0x6f ../build/stm32f4xx_hal_i2c.o
 .comment       0x0000006e       0x6f ../build/stm32f4xx_hal_i2c_ex.o
 .comment       0x0000006e       0x6f ../build/stm32f4xx_hal_ltdc.o
 .comment       0x0000006e       0x6f ../build/stm32f4xx_hal_spi.o
 .comment       0x0000006e       0x6f ../build/stm32f4xx_hal_tim.o
 .comment       0x0000006e       0x6f ../build/stm32f4xx_hal_tim_ex.o
 .comment       0x0000006e       0x6f ../build/stm32f4xx_hal_uart.o
 .comment       0x0000006e       0x6f ../build/system_stm32f4xx.o
 .comment       0x0000006e       0x6f ../build/list.o
 .comment       0x0000006e       0x6f ../build/queue.o
 .comment       0x0000006e       0x6f ../build/tasks.o
 .comment       0x0000006e       0x6f ../build/cmsis_os.o
 .comment       0x0000006e       0x6f ../build/heap_4.o
 .comment       0x0000006e       0x6f ../build/port.o
 .comment       0x0000006e       0x6f ../build/usbh_core.o
 .comment       0x0000006e       0x6f ../build/usbh_ctlreq.o
 .comment       0x0000006e       0x6f ../build/usbh_ioreq.o
 .comment       0x0000006e       0x6f ../build/usbh_pipes.o
 .comment       0x0000006e       0x6f ../build/usbh_cdc.o

.debug_frame    0x00000000     0x6948
 .debug_frame   0x00000000      0x1c4 ../build/main.o
 .debug_frame   0x000001c4       0x50 ../build/freertos.o
 .debug_frame   0x00000214       0x3c ../build/usb_host.o
 .debug_frame   0x00000250      0x2b0 ../build/usbh_conf.o
 .debug_frame   0x00000500       0x2c ../build/usbh_platform.o
 .debug_frame   0x0000052c       0xe0 ../build/stm32f4xx_it.o
 .debug_frame   0x0000060c      0x240 ../build/stm32f4xx_hal_msp.o
 .debug_frame   0x0000084c       0x50 ../build/stm32f4xx_hal_timebase_tim.o
 .debug_frame   0x0000089c      0x304 ../build/stm32f4xx_hal_hcd.o
 .debug_frame   0x00000ba0      0x4f8 ../build/stm32f4xx_ll_usb.o
 .debug_frame   0x00001098      0x19c ../build/stm32f4xx_hal_rcc.o
 .debug_frame   0x00001234       0xec ../build/stm32f4xx_hal_rcc_ex.o
 .debug_frame   0x00001320       0xd4 ../build/stm32f4xx_hal_gpio.o
 .debug_frame   0x000013f4      0x164 ../build/stm32f4xx_hal_cortex.o
 .debug_frame   0x00001558      0x220 ../build/stm32f4xx_hal.o
 .debug_frame   0x00001778       0xdc ../build/stm32f4xx_hal_crc.o
 .debug_frame   0x00001854      0x3d4 ../build/stm32f4xx_hal_dma2d.o
 .debug_frame   0x00001c28      0x2a4 ../build/stm32f4xx_ll_fmc.o
 .debug_frame   0x00001ecc      0x27c ../build/stm32f4xx_hal_sdram.o
 .debug_frame   0x00002148      0x9d8 ../build/stm32f4xx_hal_i2c.o
 .debug_frame   0x00002b20       0x30 ../build/stm32f4xx_hal_i2c_ex.o
 .debug_frame   0x00002b50      0x498 ../build/stm32f4xx_hal_ltdc.o
 .debug_frame   0x00002fe8      0x5f8 ../build/stm32f4xx_hal_spi.o
 .debug_frame   0x000035e0      0xbe0 ../build/stm32f4xx_hal_tim.o
 .debug_frame   0x000041c0      0x464 ../build/stm32f4xx_hal_tim_ex.o
 .debug_frame   0x00004624      0x578 ../build/stm32f4xx_hal_uart.o
 .debug_frame   0x00004b9c       0x30 ../build/system_stm32f4xx.o
 .debug_frame   0x00004bcc       0x70 ../build/list.o
 .debug_frame   0x00004c3c      0x410 ../build/queue.o
 .debug_frame   0x0000504c      0x660 ../build/tasks.o
 .debug_frame   0x000056ac      0x63c ../build/cmsis_os.o
 .debug_frame   0x00005ce8       0xb8 ../build/heap_4.o
 .debug_frame   0x00005da0      0x104 ../build/port.o
 .debug_frame   0x00005ea4      0x278 ../build/usbh_core.o
 .debug_frame   0x0000611c      0x20c ../build/usbh_ctlreq.o
 .debug_frame   0x00006328      0x154 ../build/usbh_ioreq.o
 .debug_frame   0x0000647c       0x8c ../build/usbh_pipes.o
 .debug_frame   0x00006508      0x200 ../build/usbh_cdc.o
 .debug_frame   0x00006708       0x2c d:/tool_chain/gcc-arm-none-eabi/5.4 2016q3/bin/../lib/gcc/arm-none-eabi/5.4.1/../../../../arm-none-eabi/lib/armv7e-m/fpu\libc_nano.a(lib_a-init.o)
 .debug_frame   0x00006734       0x30 d:/tool_chain/gcc-arm-none-eabi/5.4 2016q3/bin/../lib/gcc/arm-none-eabi/5.4.1/../../../../arm-none-eabi/lib/armv7e-m/fpu\libc_nano.a(lib_a-malloc.o)